Component: ARM Compiler 5.06 update 5 (build 528) Tool: armlink [4d35e2]

==============================================================================

Section Cross References

    main.o(.text) refers to stm32f10x_usart.o(.text) for USART_GetFlagStatus
    main.o(.text) refers to misc.o(.text) for NVIC_PriorityGroupConfig
    main.o(.text) refers to usart.o(.text) for uart_init
    main.o(.text) refers to delay.o(.text) for delay_init
    main.o(.text) refers to mpu6050.o(.text) for MPU_Init
    main.o(.text) refers to bmp180.o(.text) for BMP_ReadCalibrationData
    main.o(.text) refers to inv_mpu.o(.text) for mpu_dmp_init
    main.o(.text) refers to fmul.o(x$fpl$fmul) for __aeabi_fmul
    main.o(.text) refers to ffix.o(x$fpl$ffix) for __aeabi_f2iz
    main.o(.text) refers to usart.o(.data) for usartreport
    main.o(.text) refers to bmp180.o(.bss) for bmp180
    system_stm32f10x.o(.text) refers to system_stm32f10x.o(.data) for SystemCoreClock
    led.o(.text) refers to stm32f10x_rcc.o(.text) for RCC_APB2PeriphClockCmd
    led.o(.text) refers to stm32f10x_gpio.o(.text) for GPIO_Init
    mpuiic.o(.text) refers to delay.o(.text) for delay_us
    mpuiic.o(.text) refers to stm32f10x_rcc.o(.text) for RCC_APB2PeriphClockCmd
    mpuiic.o(.text) refers to stm32f10x_gpio.o(.text) for GPIO_Init
    mpu6050.o(.text) refers to mpuiic.o(.text) for MPU_IIC_Start
    mpu6050.o(.text) refers to stm32f10x_rcc.o(.text) for RCC_APB2PeriphClockCmd
    mpu6050.o(.text) refers to stm32f10x_gpio.o(.text) for GPIO_Init
    mpu6050.o(.text) refers to delay.o(.text) for delay_ms
    mpu6050.o(.text) refers to dflt_clz.o(x$fpl$dflt) for __aeabi_i2d
    mpu6050.o(.text) refers to ddiv.o(x$fpl$ddiv) for __aeabi_ddiv
    mpu6050.o(.text) refers to daddsub_clz.o(x$fpl$dadd) for __aeabi_dadd
    mpu6050.o(.text) refers to d2f.o(x$fpl$d2f) for __aeabi_d2f
    mpu6050.o(.text) refers to fmul.o(x$fpl$fmul) for __aeabi_fmul
    mpu6050.o(.text) refers to ffix.o(x$fpl$ffix) for __aeabi_f2iz
    inv_mpu.o(.text) refers to _printf_pad.o(.text) for _printf_pre_padding
    inv_mpu.o(.text) refers to _printf_percent.o(.ARM.Collect$$_printf_percent$$00000000) for _printf_percent
    inv_mpu.o(.text) refers to _printf_x.o(.ARM.Collect$$_printf_percent$$0000000C) for _printf_x
    inv_mpu.o(.text) refers to _printf_hex_int.o(.text) for _printf_longlong_hex
    inv_mpu.o(.text) refers to _printf_d.o(.ARM.Collect$$_printf_percent$$00000009) for _printf_d
    inv_mpu.o(.text) refers to _printf_dec.o(.text) for _printf_int_dec
    inv_mpu.o(.text) refers to mpu6050.o(.text) for MPU_Write_Len
    inv_mpu.o(.text) refers to noretval__2printf.o(.text) for __2printf
    inv_mpu.o(.text) refers to delay.o(.text) for delay_ms
    inv_mpu.o(.text) refers to inv_mpu.o(.data) for st
    inv_mpu.o(.text) refers to fflt_clz.o(x$fpl$ffltu) for __aeabi_ui2f
    inv_mpu.o(.text) refers to fflt_clz.o(x$fpl$fflt) for __aeabi_i2f
    inv_mpu.o(.text) refers to faddsub_clz.o(x$fpl$fsub) for __aeabi_fsub
    inv_mpu.o(.text) refers to fdiv.o(x$fpl$fdiv) for __aeabi_fdiv
    inv_mpu.o(.text) refers to faddsub_clz.o(x$fpl$fadd) for __aeabi_fadd
    inv_mpu.o(.text) refers to fmul.o(x$fpl$fmul) for __aeabi_fmul
    inv_mpu.o(.text) refers to ffix.o(x$fpl$ffix) for __aeabi_f2iz
    inv_mpu.o(.text) refers to inv_mpu.o(.conststring) for .conststring
    inv_mpu.o(.text) refers to feqf.o(x$fpl$feqf) for __aeabi_cfcmpeq
    inv_mpu.o(.text) refers to frleqf.o(x$fpl$frleqf) for __aeabi_cfrcmple
    inv_mpu.o(.text) refers to fleqf.o(x$fpl$fleqf) for __aeabi_cfcmple
    inv_mpu.o(.text) refers to inv_mpu.o(.constdata) for test
    inv_mpu.o(.text) refers to llsdiv.o(.text) for __aeabi_ldivmod
    inv_mpu.o(.text) refers to memcmp.o(.text) for memcmp
    inv_mpu.o(.text) refers to inv_mpu_dmp_motion_driver.o(.text) for dmp_set_gyro_bias
    inv_mpu.o(.text) refers to mpuiic.o(.text) for MPU_IIC_Init
    inv_mpu.o(.text) refers to f2d.o(x$fpl$f2d) for __aeabi_f2d
    inv_mpu.o(.text) refers to asin.o(i.asin) for asin
    inv_mpu.o(.text) refers to dmul.o(x$fpl$dmul) for __aeabi_dmul
    inv_mpu.o(.text) refers to d2f.o(x$fpl$d2f) for __aeabi_d2f
    inv_mpu.o(.text) refers to atan2.o(i.atan2) for atan2
    inv_mpu.o(.data) refers to inv_mpu.o(.constdata) for reg
    inv_mpu_dmp_motion_driver.o(.text) refers to inv_mpu.o(.text) for mpu_load_firmware
    inv_mpu_dmp_motion_driver.o(.text) refers to inv_mpu_dmp_motion_driver.o(.constdata) for dmp_memory
    inv_mpu_dmp_motion_driver.o(.text) refers to inv_mpu_dmp_motion_driver.o(.bss) for dmp
    inv_mpu_dmp_motion_driver.o(.text) refers to fflt_clz.o(x$fpl$ffltu) for __aeabi_ui2f
    inv_mpu_dmp_motion_driver.o(.text) refers to fdiv.o(x$fpl$fdiv) for __aeabi_fdiv
    inv_mpu_dmp_motion_driver.o(.text) refers to fmul.o(x$fpl$fmul) for __aeabi_fmul
    inv_mpu_dmp_motion_driver.o(.text) refers to ffixu.o(x$fpl$ffixu) for __aeabi_f2uiz
    inv_mpu_dmp_motion_driver.o(.text) refers to aeabi_memset.o(.text) for __aeabi_memset
[...]
    .constdata                               0x0800a7b8   Section      136  pow.o(.constdata)
    bp                                       0x0800a7b8   Data          16  pow.o(.constdata)
    dp_h                                     0x0800a7c8   Data          16  pow.o(.constdata)
    dp_l                                     0x0800a7d8   Data          16  pow.o(.constdata)
    L                                        0x0800a7e8   Data          48  pow.o(.constdata)
    P                                        0x0800a818   Data          40  pow.o(.constdata)
    .constdata                               0x0800a840   Section      152  atan.o(.constdata)
    atanhi                                   0x0800a840   Data          32  atan.o(.constdata)
    atanlo                                   0x0800a860   Data          32  atan.o(.constdata)
    aTodd                                    0x0800a880   Data          40  atan.o(.constdata)
    aTeven                                   0x0800a8a8   Data          48  atan.o(.constdata)
    .constdata                               0x0800a8d8   Section        8  qnan.o(.constdata)
    .conststring                             0x0800a8e0   Section       77  inv_mpu.o(.conststring)
    .conststring                             0x0800a930   Section       40  usmart.o(.conststring)
    .conststring                             0x0800a958   Section      203  usmart_config.o(.conststring)
    .data                                    0x20000000   Section       20  system_stm32f10x.o(.data)
    .data                                    0x20000014   Section       53  inv_mpu.o(.data)
    st                                       0x20000014   Data          44  inv_mpu.o(.data)
    gyro_orientation                         0x20000040   Data           9  inv_mpu.o(.data)
    .data                                    0x20000050   Section       16  kalmanfilter.o(.data)
    x_last                                   0x20000050   Data           8  kalmanfilter.o(.data)
    p_last                                   0x20000058   Data           8  kalmanfilter.o(.data)
    .data                                    0x20000060   Section        4  delay.o(.data)
    fac_us                                   0x20000060   Data           1  delay.o(.data)
    fac_ms                                   0x20000062   Data           2  delay.o(.data)
    .data                                    0x20000064   Section        7  usart.o(.data)
    .data                                    0x2000006b   Section       20  stm32f10x_rcc.o(.data)
    APBAHBPrescTable                         0x2000006b   Data          16  stm32f10x_rcc.o(.data)
    ADCPrescTable                            0x2000007b   Data           4  stm32f10x_rcc.o(.data)
    .data                                    0x20000080   Section       28  usmart.o(.data)
    .data                                    0x2000009c   Section      300  usmart_config.o(.data)
    .bss                                     0x200001c8   Section       16  inv_mpu_dmp_motion_driver.o(.bss)
    dmp                                      0x200001c8   Data          16  inv_mpu_dmp_motion_driver.o(.bss)
    .bss                                     0x200001d8   Section       84  bmp180.o(.bss)
    .bss                                     0x2000022c   Section      200  usart.o(.bss)
    .bss                                     0x200002f4   Section       96  libspace.o(.bss)
    HEAP                                     0x20000358   Section      512  startup_stm32f10x_md.o(HEAP)
    Heap_Mem                                 0x20000358   Data         512  startup_stm32f10x_md.o(HEAP)
    STACK                                    0x20000558   Section     1024  startup_stm32f10x_md.o(STACK)
    Stack_Mem                                0x20000558   Data        1024  startup_stm32f10x_md.o(STACK)
    __initial_sp                             0x20000958   Data           0  startup_stm32f10x_md.o(STACK)

    Global Symbols

    Symbol Name                              Value     Ov Type        Size  Object(Section)

    BuildAttributes$$THM_ISAv4$P$D$K$B$S$PE$A:L22UL41UL21$X:L11$S22US41US21$IEEE1$IW$USESV6$~STKCKD$USESV7$~SHL$OTIME$ROPI$IEEEX$EBA8$UX$STANDARDLIB$REQ8$PRES8$EABIv2 0x00000000   Number         0  anon$$obj.o ABSOLUTE
    __ARM_use_no_argv                        0x00000000   Number         0  main.o ABSOLUTE
    _printf_flags                            0x00000000   Number         0  printf_stubs.o ABSOLUTE
    _printf_return_value                     0x00000000   Number         0  printf_stubs.o ABSOLUTE
    _printf_sizespec                         0x00000000   Number         0  printf_stubs.o ABSOLUTE
    _printf_widthprec                        0x00000000   Number         0  printf_stubs.o ABSOLUTE
    __ARM_exceptions_init                     - Undefined Weak Reference
    __alloca_initialize                       - Undefined Weak Reference
    __arm_preinit_                            - Undefined Weak Reference
    __cpp_initialize__aeabi_                  - Undefined Weak Reference
    __cxa_finalize                            - Undefined Weak Reference
    __rt_locale                               - Undefined Weak Reference
    __sigvec_lookup                           - Undefined Weak Reference
    _atexit_init                              - Undefined Weak Reference
    _call_atexit_fns                          - Undefined Weak Reference
    _clock_init                               - Undefined Weak Reference
    _fp_trap_init                             - Undefined Weak Reference
    _fp_trap_shutdown                         - Undefined Weak Reference
    _get_lc_collate                           - Undefined Weak Reference
    _get_lc_ctype                             - Undefined Weak Reference
    _get_lc_monetary                          - Undefined Weak Reference
    _get_lc_numeric                           - Undefined Weak Reference
    _get_lc_time                              - Undefined Weak Reference
    _getenv_init                              - Undefined Weak Reference
    _handle_redirection                       - Undefined Weak Reference
    _init_alloc                               - Undefined Weak Reference
    _init_user_alloc                          - Undefined Weak Reference
    _initio                                   - Undefined Weak Reference
    _mutex_acquire                            - Undefined Weak Reference
    _mutex_release                            - Undefined Weak Reference
    _printf_mbtowc                            - Undefined Weak Reference
    _printf_truncate_signed                   - Undefined Weak Reference
    _printf_truncate_unsigned                 - Undefined Weak Reference
    _rand_init                                - Undefined Weak Reference
    _signal_finish                            - Undefined Weak Reference
    _signal_init                              - Undefined Weak Reference
    _terminate_alloc                          - Undefined Weak Reference
    _terminate_user_alloc                     - Undefined Weak Reference
    _terminateio                              - Undefined Weak Reference
    __Vectors_Size                           0x000000ec   Number         0  startup_stm32f10x_md.o ABSOLUTE
    __Vectors                                0x08000000   Data           4  startup_stm32f10x_md.o(RESET)
    __Vectors_End                            0x080000ec   Data           0  startup_stm32f10x_md.o(RESET)
    __main                                   0x080000ed   Thumb Code     8  __main.o(!!!main)
    __scatterload                            0x080000f5   Thumb Code     0  __scatter.o(!!!scatter)
    __scatterload_rt2                        0x080000f5   Thumb Code    44  __scatter.o(!!!scatter)
    __scatterload_rt2_thumb_only             0x080000f5   Thumb Code     0  __scatter.o(!!!scatter)
    __scatterload_null                       0x08000103   Thumb Code     0  __scatter.o(!!!scatter)
    __decompress                             0x08000129   Thumb Code    90  __dczerorl2.o(!!dczerorl2)
    __decompress1                            0x08000129   Thumb Code     0  __dczerorl2.o(!!dczerorl2)
    __scatterload_zeroinit                   0x08000185   Thumb Code    28  __scatter_zi.o(!!handler_zi)
    _printf_d                                0x080001a1   Thumb Code     0  _printf_d.o(.ARM.Collect$$_printf_percent$$00000009)
    _printf_percent                          0x080001a1   Thumb Code     0  _printf_percent.o(.ARM.Collect$$_printf_percent$$00000000)
    _printf_u                                0x080001a7   Thumb Code     0  _printf_u.o(.ARM.Collect$$_printf_percent$$0000000A)
    _printf_x                                0x080001ad   Thumb Code     0  _printf_x.o(.ARM.Collect$$_printf_percent$$0000000C)
    _printf_c                                0x080001b3   Thumb Code     0  _printf_c.o(.ARM.Collect$$_printf_percent$$00000013)
    _printf_s                                0x080001b9   Thumb Code     0  _printf_s.o(.ARM.Collect$$_printf_percent$$00000014)
    _printf_percent_end                      0x080001bf   Thumb Code     0  _printf_percent_end.o(.ARM.Collect$$_printf_percent$$00000017)
    __rt_lib_init                            0x080001c3   Thumb Code     0  libinit.o(.ARM.Collect$$libinit$$00000000)
    __rt_lib_init_alloca_1                   0x080001c5   Thumb Code     0  libinit2.o(.ARM.Collect$$libinit$$0000002E)
    __rt_lib_init_argv_1                     0x080001c5   Thumb Code     0  libinit2.o(.ARM.Collect$$libinit$$0000002C)
    __rt_lib_init_atexit_1                   0x080001c5   Thumb Code     0  libinit2.o(.ARM.Collect$$libinit$$0000001B)
    __rt_lib_init_clock_1                    0x080001c5   Thumb Code     0  libinit2.o(.ARM.Collect$$libinit$$00000021)
    __rt_lib_init_cpp_1                      0x080001c5   Thumb Code     0  libinit2.o(.ARM.Collect$$libinit$$00000032)
    __rt_lib_init_exceptions_1               0x080001c5   Thumb Code     0  libinit2.o(.ARM.Collect$$libinit$$00000030)
    __rt_lib_init_fp_1                       0x080001c5   Thumb Code     0  libinit2.o(.ARM.Collect$$libinit$$00000002)
    __rt_lib_init_fp_trap_1                  0x080001c5   Thumb Code     0  libinit2.o(.ARM.Collect$$libinit$$0000001F)
    __rt_lib_init_getenv_1                   0x080001c5   Thumb Code     0  libinit2.o(.ARM.Collect$$libinit$$00000023)
    __rt_lib_init_heap_1                     0x080001c5   Thumb Code     0  libinit2.o(.ARM.Collect$$libinit$$0000000A)
    __rt_lib_init_lc_collate_1               0x080001c5   Thumb Code     0  libinit2.o(.ARM.Collect$$libinit$$00000011)
    __rt_lib_init_lc_ctype_1                 0x080001c5   Thumb Code     0  libinit2.o(.ARM.Collect$$libinit$$00000013)
    __rt_lib_init_lc_monetary_1              0x080001c5   Thumb Code     0  libinit2.o(.ARM.Collect$$libinit$$00000015)
    __rt_lib_init_lc_numeric_1               0x080001c5   Thumb Code     0  libinit2.o(.ARM.Collect$$libinit$$00000017)
    __rt_lib_init_lc_time_1                  0x080001c5   Thumb Code     0  libinit2.o(.ARM.Collect$$libinit$$00000019)
    __rt_lib_init_preinit_1                  0x080001c5   Thumb Code     0  libinit2.o(.ARM.Collect$$libinit$$00000004)
    __rt_lib_init_rand_1                     0x080001c5   Thumb Code     0  libinit2.o(.ARM.Collect$$libinit$$0000000E)
    __rt_lib_init_return                     0x080001c5   Thumb Code     0  libinit2.o(.ARM.Collect$$libinit$$00000033)
    __rt_lib_init_signal_1                   0x080001c5   Thumb Code     0  libinit2.o(.ARM.Collect$$libinit$$0000001D)
    __rt_lib_init_stdio_1                    0x080001c5   Thumb Code     0  libinit2.o(.ARM.Collect$$libinit$$00000025)
    __rt_lib_init_user_alloc_1               0x080001c5   Thumb Code     0  libinit2.o(.ARM.Collect$$libinit$$0000000C)
    __rt_lib_shutdown                        0x080001c7   Thumb Code     0  libshutdown.o(.ARM.Collect$$libshutdown$$00000000)
    __rt_lib_shutdown_cpp_1                  0x080001c9   Thumb Code     0  libshutdown2.o(.ARM.Collect$$libshutdown$$00000002)
    __rt_lib_shutdown_fp_trap_1              0x080001c9   Thumb Code     0  libshutdown2.o(.ARM.Collect$$libshutdown$$00000007)
    __rt_lib_shutdown_heap_1                 0x080001c9   Thumb Code     0  libshutdown2.o(.ARM.Collect$$libshutdown$$0000000F)
    __rt_lib_shutdown_return                 0x080001c9   Thumb Code     0  libshutdown2.o(.ARM.Collect$$libshutdown$$00000010)
    __rt_lib_shutdown_signal_1               0x080001c9   Thumb Code     0  libshutdown2.o(.ARM.Collect$$libshutdown$$0000000A)
    __rt_lib_shutdown_stdio_1                0x080001c9   Thumb Code     0  libshutdown2.o(.ARM.Collect$$libshutdown$$00000004)
    __rt_lib_shutdown_user_alloc_1           0x080001c9   Thumb Code     0  libshutdown2.o(.ARM.Collect$$libshutdown$$0000000C)
    __rt_entry                               0x080001cb   Thumb Code     0  __rtentry.o(.ARM.Collect$$rtentry$$00000000)
    __rt_entry_presh_1                       0x080001cb   Thumb Code     0  __rtentry2.o(.ARM.Collect$$rtentry$$00000002)
    __rt_entry_sh                            0x080001cb   Thumb Code     0  __rtentry4.o(.ARM.Collect$$rtentry$$00000004)
    __rt_entry_li                            0x080001d1   Thumb Code     0  __rtentry2.o(.ARM.Collect$$rtentry$$0000000A)
    __rt_entry_postsh_1                      0x080001d1   Thumb Code     0  __rtentry2.o(.ARM.Collect$$rtentry$$00000009)
    __rt_entry_main                          0x080001d5   Thumb Code     0  __rtentry2.o(.ARM.Collect$$rtentry$$0000000D)
    __rt_entry_postli_1                      0x080001d5   Thumb Code     0  __rtentry2.o(.ARM.Collect$$rtentry$$0000000C)
    __rt_exit                                0x080001dd   Thumb Code     0  rtexit.o(.ARM.Collect$$rtexit$$00000000)
    __rt_exit_ls                             0x080001df   Thumb Code     0  rtexit2.o(.ARM.Collect$$rtexit$$00000003)
    __rt_exit_prels_1                        0x080001df   Thumb Code     0  rtexit2.o(.ARM.Collect$$rtexit$$00000002)
    __rt_exit_exit                           0x080001e3   Thumb Code     0  rtexit2.o(.ARM.Collect$$rtexit$$00000004)
    usart1_send_char                         0x080001e9   Thumb Code    28  main.o(.text)
    usart1_niming_report                     0x08000205   Thumb Code    78  main.o(.text)
    mpu6050_send_data                        0x08000253   Thumb Code   110  main.o(.text)
    usart1_report_imu                        0x080002c1   Thumb Code   230  main.o(.text)
    main                                     0x080003a7   Thumb Code   206  main.o(.text)
    NMI_Handler                              0x08000489   Thumb Code     2  stm32f10x_it.o(.text)
    HardFault_Handler                        0x0800048b   Thumb Code     4  stm32f10x_it.o(.text)
    MemManage_Handler                        0x0800048f   Thumb Code     4  stm32f10x_it.o(.text)
    BusFault_Handler                         0x08000493   Thumb Code     4  stm32f10x_it.o(.text)
    UsageFault_Handler                       0x08000497   Thumb Code     4  stm32f10x_it.o(.text)
    SVC_Handler                              0x0800049b   Thumb Code     2  stm32f10x_it.o(.text)
    DebugMon_Handler                         0x0800049d   Thumb Code     2  stm32f10x_it.o(.text)
    PendSV_Handler                           0x0800049f   Thumb Code     2  stm32f10x_it.o(.text)
    SysTick_Handler                          0x080004a1   Thumb Code     2  stm32f10x_it.o(.text)
    SystemInit                               0x08000583   Thumb Code    78  system_stm32f10x.o(.text)
    SystemCoreClockUpdate                    0x080005d1   Thumb Code   142  system_stm32f10x.o(.text)
    MPU_IIC_Delay                            0x08000685   Thumb Code    10  mpuiic.o(.text)
    MPU_IIC_Init                             0x0800068f   Thumb Code    46  mpuiic.o(.text)
    MPU_IIC_Start                            0x080006bd   Thumb Code    60  mpuiic.o(.text)
    MPU_IIC_Stop                             0x080006f9   Thumb Code    62  mpuiic.o(.text)
    MPU_IIC_Wait_Ack                         0x08000737   Thumb Code    86  mpuiic.o(.text)
    MPU_IIC_Ack                              0x0800078d   Thumb Code    66  mpuiic.o(.text)
    MPU_IIC_NAck                             0x080007cf   Thumb Code    66  mpuiic.o(.text)
    MPU_IIC_Send_Byte                        0x08000811   Thumb Code    82  mpuiic.o(.text)
    MPU_IIC_Read_Byte                        0x08000863   Thumb Code    96  mpuiic.o(.text)
    MPU_Write_Byte                           0x080008d1   Thumb Code    68  mpu6050.o(.text)
    MPU_Set_LPF                              0x08000915   Thumb Code    58  mpu6050.o(.text)
    MPU_Set_Rate                             0x0800094f   Thumb Code    58  mpu6050.o(.text)
    MPU_Read_Byte                            0x08000989   Thumb Code    58  mpu6050.o(.text)
    MPU_Set_Accel_Fsr                        0x080009c3   Thumb Code    16  mpu6050.o(.text)
    MPU_Set_Gyro_Fsr                         0x080009d3   Thumb Code    16  mpu6050.o(.text)
    MPU_Init                                 0x080009e3   Thumb Code   180  mpu6050.o(.text)
    MPU_Read_Len                             0x08000a97   Thumb Code   116  mpu6050.o(.text)
    MPU_Get_Temperature                      0x08000b0b   Thumb Code    86  mpu6050.o(.text)
    MPU_Get_Gyroscope                        0x08000b61   Thumb Code    80  mpu6050.o(.text)
    MPU_Get_Accelerometer                    0x08000bb1   Thumb Code    80  mpu6050.o(.text)
    MPU_Write_Len                            0x08000c01   Thumb Code    96  mpu6050.o(.text)
    mpu_reg_dump                             0x08000d07   Thumb Code    84  inv_mpu.o(.text)
    mpu_read_reg                             0x08000d5b   Thumb Code    66  inv_mpu.o(.text)
    mpu_set_int_latched                      0x08000d9d   Thumb Code   102  inv_mpu.o(.text)
    mpu_set_sensors                          0x08000e03   Thumb Code   202  inv_mpu.o(.text)
    mpu_set_bypass                           0x08000ecd   Thumb Code   328  inv_mpu.o(.text)
    mpu_reset_fifo                           0x08001015   Thumb Code   472  inv_mpu.o(.text)
    mpu_configure_fifo                       0x080011ed   Thumb Code   106  inv_mpu.o(.text)
    mpu_set_lpf                              0x08001257   Thumb Code   126  inv_mpu.o(.text)
    mpu_lp_accel_mode                        0x080012d5   Thumb Code   218  inv_mpu.o(.text)
    mpu_set_sample_rate                      0x080013af   Thumb Code   152  inv_mpu.o(.text)
    mpu_set_accel_fsr                        0x08001447   Thumb Code   132  inv_mpu.o(.text)
    mpu_set_gyro_fsr                         0x080014cb   Thumb Code   132  inv_mpu.o(.text)
    mpu_init                                 0x0800154f   Thumb Code   416  inv_mpu.o(.text)
    mget_ms                                  0x080016ef   Thumb Code     2  inv_mpu.o(.text)
    mpu_get_gyro_reg                         0x080016f1   Thumb Code   110  inv_mpu.o(.text)
    mpu_get_accel_reg                        0x0800175f   Thumb Code   110  inv_mpu.o(.text)
    mpu_get_temperature                      0x080017cd   Thumb Code   150  inv_mpu.o(.text)
    mpu_set_accel_bias                       0x08001863   Thumb Code   468  inv_mpu.o(.text)
    mpu_get_gyro_fsr                         0x08001a37   Thumb Code    64  inv_mpu.o(.text)
    mpu_get_accel_fsr                        0x08001a77   Thumb Code    72  inv_mpu.o(.text)
    mpu_get_lpf                              0x08001abf   Thumb Code    74  inv_mpu.o(.text)
    mpu_get_sample_rate                      0x08001b09   Thumb Code    26  inv_mpu.o(.text)
    mpu_get_compass_sample_rate              0x08001b23   Thumb Code    10  inv_mpu.o(.text)
    mpu_set_compass_sample_rate              0x08001b2d   Thumb Code     8  inv_mpu.o(.text)
    mpu_get_gyro_sens                        0x08001b35   Thumb Code    58  inv_mpu.o(.text)
    mpu_get_accel_sens                       0x08001b6f   Thumb Code    78  inv_mpu.o(.text)
    mpu_get_fifo_config                      0x08001bbd   Thumb Code    12  inv_mpu.o(.text)
    mpu_get_power_state                      0x08001bc9   Thumb Code    22  inv_mpu.o(.text)
    mpu_get_int_status                       0x08001bdf   Thumb Code    64  inv_mpu.o(.text)
    mpu_read_fifo                            0x08001c1f   Thumb Code   520  inv_mpu.o(.text)
    mpu_read_fifo_stream                     0x08001e27   Thumb Code   186  inv_mpu.o(.text)
    mpu_set_int_level                        0x08001ee1   Thumb Code    12  inv_mpu.o(.text)
    mpu_set_dmp_state                        0x080025c1   Thumb Code   138  inv_mpu.o(.text)
    mpu_run_self_test                        0x0800264b   Thumb Code   278  inv_mpu.o(.text)
    mpu_write_mem                            0x08002761   Thumb Code   122  inv_mpu.o(.text)
    mpu_read_mem                             0x080027db   Thumb Code   122  inv_mpu.o(.text)
    mpu_load_firmware                        0x08002855   Thumb Code   190  inv_mpu.o(.text)
    mpu_get_dmp_state                        0x08002913   Thumb Code    14  inv_mpu.o(.text)
    setup_compass                            0x08002921   Thumb Code     6  inv_mpu.o(.text)
    mpu_get_compass_reg                      0x08002927   Thumb Code     8  inv_mpu.o(.text)
    mpu_get_compass_fsr                      0x0800292f   Thumb Code     8  inv_mpu.o(.text)
    mpu_lp_motion_interrupt                  0x08002937   Thumb Code   512  inv_mpu.o(.text)
    run_self_test                            0x08002b37   Thumb Code   148  inv_mpu.o(.text)
    inv_row_2_scale                          0x08002bcb   Thumb Code    78  inv_mpu.o(.text)
    inv_orientation_matrix_to_scalar         0x08002c19   Thumb Code    40  inv_mpu.o(.text)
    mpu_dmp_init                             0x08002c41   Thumb Code   154  inv_mpu.o(.text)
    mpu_dmp_get_data                         0x08002cdb   Thumb Code   554  inv_mpu.o(.text)
    dmp_load_motion_driver_firmware          0x08002f09   Thumb Code    20  inv_mpu_dmp_motion_driver.o(.text)
    dmp_set_orientation                      0x08002f1d   Thumb Code   290  inv_mpu_dmp_motion_driver.o(.text)
    dmp_set_gyro_bias                        0x0800303f   Thumb Code   294  inv_mpu_dmp_motion_driver.o(.text)
    dmp_set_accel_bias                       0x08003165   Thumb Code   300  inv_mpu_dmp_motion_driver.o(.text)
    dmp_set_fifo_rate                        0x08003291   Thumb Code   136  inv_mpu_dmp_motion_driver.o(.text)
    dmp_get_fifo_rate                        0x08003319   Thumb Code    12  inv_mpu_dmp_motion_driver.o(.text)
    dmp_set_tap_thresh                       0x08003325   Thumb Code   396  inv_mpu_dmp_motion_driver.o(.text)
    dmp_set_tap_axes                         0x080034b1   Thumb Code    70  inv_mpu_dmp_motion_driver.o(.text)
    dmp_set_tap_count                        0x080034f7   Thumb Code    38  inv_mpu_dmp_motion_driver.o(.text)
    dmp_set_tap_time                         0x0800351d   Thumb Code    38  inv_mpu_dmp_motion_driver.o(.text)
    dmp_set_tap_time_multi                   0x08003543   Thumb Code    38  inv_mpu_dmp_motion_driver.o(.text)
    dmp_set_shake_reject_thresh              0x08003569   Thumb Code    56  inv_mpu_dmp_motion_driver.o(.text)
    dmp_set_shake_reject_time                0x080035a1   Thumb Code    38  inv_mpu_dmp_motion_driver.o(.text)
    dmp_set_shake_reject_timeout             0x080035c7   Thumb Code    38  inv_mpu_dmp_motion_driver.o(.text)
    dmp_get_pedometer_step_count             0x080035ed   Thumb Code    66  inv_mpu_dmp_motion_driver.o(.text)
    dmp_set_pedometer_step_count             0x0800362f   Thumb Code    42  inv_mpu_dmp_motion_driver.o(.text)
    dmp_get_pedometer_walk_time              0x08003659   Thumb Code    72  inv_mpu_dmp_motion_driver.o(.text)
    dmp_set_pedometer_walk_time              0x080036a1   Thumb Code    48  inv_mpu_dmp_motion_driver.o(.text)
    dmp_enable_6x_lp_quat                    0x080036d1   Thumb Code    84  inv_mpu_dmp_motion_driver.o(.text)
    dmp_enable_lp_quat                       0x08003725   Thumb Code    60  inv_mpu_dmp_motion_driver.o(.text)
    dmp_enable_gyro_cal                      0x08003761   Thumb Code    62  inv_mpu_dmp_motion_driver.o(.text)
    dmp_enable_feature                       0x0800379f   Thumb Code   530  inv_mpu_dmp_motion_driver.o(.text)
    dmp_get_enabled_features                 0x080039b1   Thumb Code    12  inv_mpu_dmp_motion_driver.o(.text)
    dmp_set_interrupt_mode                   0x08003a1b   Thumb Code    66  inv_mpu_dmp_motion_driver.o(.text)
    dmp_read_fifo                            0x08003a5d   Thumb Code   514  inv_mpu_dmp_motion_driver.o(.text)
    dmp_register_tap_cb                      0x08003c5f   Thumb Code    10  inv_mpu_dmp_motion_driver.o(.text)
    dmp_register_android_orient_cb           0x08003c69   Thumb Code    10  inv_mpu_dmp_motion_driver.o(.text)
    BMP_Init                                 0x08003c79   Thumb Code     8  bmp180.o(.text)
    BMP_WriteOneByte                         0x08003c81   Thumb Code    46  bmp180.o(.text)
    BMP_ReadOneByte                          0x08003caf   Thumb Code    60  bmp180.o(.text)
    BMP_ReadTwoByte                          0x08003ceb   Thumb Code    76  bmp180.o(.text)
    BMP_ReadCalibrationData                  0x08003d37   Thumb Code   114  bmp180.o(.text)
    BMP_Read_UT                              0x08003da9   Thumb Code    30  bmp180.o(.text)
    BMP_Read_UP                              0x08003dc7   Thumb Code    32  bmp180.o(.text)
    BMP_UncompemstatedToTrue                 0x08003de7   Thumb Code   534  bmp180.o(.text)
    KalmanFilter                             0x08004029   Thumb Code   170  kalmanfilter.o(.text)
    delay_init                               0x080040e1   Thumb Code    50  delay.o(.text)
    delay_us                                 0x08004113   Thumb Code    72  delay.o(.text)
    delay_ms                                 0x0800415b   Thumb Code    72  delay.o(.text)
    _sys_exit                                0x080041b5   Thumb Code     4  usart.o(.text)
    fputc                                    0x080041b9   Thumb Code    24  usart.o(.text)
    uart_init                                0x080041d1   Thumb Code   154  usart.o(.text)
    USART2_IRQHandler                        0x0800426b   Thumb Code   130  usart.o(.text)
    Reset_Handler                            0x08004301   Thumb Code     8  startup_stm32f10x_md.o(.text)
    ADC1_2_IRQHandler                        0x0800431b   Thumb Code     0  startup_stm32f10x_md.o(.text)
    CAN1_RX1_IRQHandler                      0x0800431b   Thumb Code     0  startup_stm32f10x_md.o(.text)
    CAN1_SCE_IRQHandler                      0x0800431b   Thumb Code     0  startup_stm32f10x_md.o(.text)
    DMA1_Channel1_IRQHandler                 0x0800431b   Thumb Code     0  startup_stm32f10x_md.o(.text)
    DMA1_Channel2_IRQHandler                 0x0800431b   Thumb Code     0  startup_stm32f10x_md.o(.text)
    DMA1_Channel3_IRQHandler                 0x0800431b   Thumb Code     0  startup_stm32f10x_md.o(.text)
    DMA1_Channel4_IRQHandler                 0x0800431b   Thumb Code     0  startup_stm32f10x_md.o(.text)
    DMA1_Channel5_IRQHandler                 0x0800431b   Thumb Code     0  startup_stm32f10x_md.o(.text)
    DMA1_Channel6_IRQHandler                 0x0800431b   Thumb Code     0  startup_stm32f10x_md.o(.text)
    DMA1_Channel7_IRQHandler                 0x0800431b   Thumb Code     0  startup_stm32f10x_md.o(.text)
    EXTI0_IRQHandler                         0x0800431b   Thumb Code     0  startup_stm32f10x_md.o(.text)
    EXTI15_10_IRQHandler                     0x0800431b   Thumb Code     0  startup_stm32f10x_md.o(.text)
    EXTI1_IRQHandler                         0x0800431b   Thumb Code     0  startup_stm32f10x_md.o(.text)
    EXTI2_IRQHandler                         0x0800431b   Thumb Code     0  startup_stm32f10x_md.o(.text)
    EXTI3_IRQHandler                         0x0800431b   Thumb Code     0  startup_stm32f10x_md.o(.text)
    EXTI4_IRQHandler                         0x0800431b   Thumb Code     0  startup_stm32f10x_md.o(.text)
    EXTI9_5_IRQHandler                       0x0800431b   Thumb Code     0  startup_stm32f10x_md.o(.text)
    FLASH_IRQHandler                         0x0800431b   Thumb Code     0  startup_stm32f10x_md.o(.text)
    I2C1_ER_IRQHandler                       0x0800431b   Thumb Code     0  startup_stm32f10x_md.o(.text)
    I2C1_EV_IRQHandler                       0x0800431b   Thumb Code     0  startup_stm32f10x_md.o(.text)
    I2C2_ER_IRQHandler                       0x0800431b   Thumb Code     0  startup_stm32f10x_md.o(.text)
    I2C2_EV_IRQHandler                       0x0800431b   Thumb Code     0  startup_stm32f10x_md.o(.text)
    PVD_IRQHandler                           0x0800431b   Thumb Code     0  startup_stm32f10x_md.o(.text)
    RCC_IRQHandler                           0x0800431b   Thumb Code     0  startup_stm32f10x_md.o(.text)
    RTCAlarm_IRQHandler                      0x0800431b   Thumb Code     0  startup_stm32f10x_md.o(.text)
    RTC_IRQHandler                           0x0800431b   Thumb Code     0  startup_stm32f10x_md.o(.text)
    SPI1_IRQHandler                          0x0800431b   Thumb Code     0  startup_stm32f10x_md.o(.text)
    SPI2_IRQHandler                          0x0800431b   Thumb Code     0  startup_stm32f10x_md.o(.text)
    TAMPER_IRQHandler                        0x0800431b   Thumb Code     0  startup_stm32f10x_md.o(.text)
    TIM1_BRK_IRQHandler                      0x0800431b   Thumb Code     0  startup_stm32f10x_md.o(.text)
    TIM1_CC_IRQHandler                       0x0800431b   Thumb Code     0  startup_stm32f10x_md.o(.text)
    TIM1_TRG_COM_IRQHandler                  0x0800431b   Thumb Code     0  startup_stm32f10x_md.o(.text)
    TIM1_UP_IRQHandler                       0x0800431b   Thumb Code     0  startup_stm32f10x_md.o(.text)
    TIM2_IRQHandler                          0x0800431b   Thumb Code     0  startup_stm32f10x_md.o(.text)
    TIM3_IRQHandler                          0x0800431b   Thumb Code     0  startup_stm32f10x_md.o(.text)
    USART1_IRQHandler                        0x0800431b   Thumb Code     0  startup_stm32f10x_md.o(.text)
    USART3_IRQHandler                        0x0800431b   Thumb Code     0  startup_stm32f10x_md.o(.text)
    USBWakeUp_IRQHandler                     0x0800431b   Thumb Code     0  startup_stm32f10x_md.o(.text)
    USB_HP_CAN1_TX_IRQHandler                0x0800431b   Thumb Code     0  startup_stm32f10x_md.o(.text)
    USB_LP_CAN1_RX0_IRQHandler               0x0800431b   Thumb Code     0  startup_stm32f10x_md.o(.text)
    WWDG_IRQHandler                          0x0800431b   Thumb Code     0  startup_stm32f10x_md.o(.text)
    __user_initial_stackheap                 0x0800431d   Thumb Code     0  startup_stm32f10x_md.o(.text)
    NVIC_PriorityGroupConfig                 0x08004341   Thumb Code    10  misc.o(.text)
    NVIC_Init                                0x0800434b   Thumb Code   100  misc.o(.text)
    NVIC_SetVectorTable                      0x080043af   Thumb Code    14  misc.o(.text)
    NVIC_SystemLPConfig                      0x080043bd   Thumb Code    34  misc.o(.text)
    SysTick_CLKSourceConfig                  0x080043df   Thumb Code    40  misc.o(.text)
    GPIO_DeInit                              0x0800441d   Thumb Code   172  stm32f10x_gpio.o(.text)
    GPIO_AFIODeInit                          0x080044c9   Thumb Code    20  stm32f10x_gpio.o(.text)
    GPIO_Init                                0x080044dd   Thumb Code   278  stm32f10x_gpio.o(.text)
    GPIO_StructInit                          0x080045f3   Thumb Code    16  stm32f10x_gpio.o(.text)
    GPIO_ReadInputDataBit                    0x08004603   Thumb Code    18  stm32f10x_gpio.o(.text)
    GPIO_ReadInputData                       0x08004615   Thumb Code     8  stm32f10x_gpio.o(.text)
    GPIO_ReadOutputDataBit                   0x0800461d   Thumb Code    18  stm32f10x_gpio.o(.text)
    GPIO_ReadOutputData                      0x0800462f   Thumb Code     8  stm32f10x_gpio.o(.text)
    GPIO_SetBits                             0x08004637   Thumb Code     4  stm32f10x_gpio.o(.text)
    GPIO_ResetBits                           0x0800463b   Thumb Code     4  stm32f10x_gpio.o(.text)
    GPIO_WriteBit                            0x0800463f   Thumb Code    10  stm32f10x_gpio.o(.text)
    GPIO_Write                               0x08004649   Thumb Code     4  stm32f10x_gpio.o(.text)
    GPIO_PinLockConfig                       0x0800464d   Thumb Code    18  stm32f10x_gpio.o(.text)
    GPIO_EventOutputConfig                   0x0800465f   Thumb Code    26  stm32f10x_gpio.o(.text)
    GPIO_EventOutputCmd                      0x08004679   Thumb Code     6  stm32f10x_gpio.o(.text)
    GPIO_PinRemapConfig                      0x0800467f   Thumb Code   138  stm32f10x_gpio.o(.text)
    GPIO_EXTILineConfig                      0x08004709   Thumb Code    66  stm32f10x_gpio.o(.text)
    GPIO_ETH_MediaInterfaceConfig            0x0800474b   Thumb Code     8  stm32f10x_gpio.o(.text)
    RCC_DeInit                               0x08004779   Thumb Code    64  stm32f10x_rcc.o(.text)
    RCC_HSEConfig                            0x080047b9   Thumb Code    70  stm32f10x_rcc.o(.text)
    RCC_GetFlagStatus                        0x080047ff   Thumb Code    56  stm32f10x_rcc.o(.text)
    RCC_WaitForHSEStartUp                    0x08004837   Thumb Code    56  stm32f10x_rcc.o(.text)
    RCC_AdjustHSICalibrationValue            0x0800486f   Thumb Code    20  stm32f10x_rcc.o(.text)
    RCC_HSICmd                               0x08004883   Thumb Code     6  stm32f10x_rcc.o(.text)
    RCC_PLLConfig                            0x08004889   Thumb Code    24  stm32f10x_rcc.o(.text)
    RCC_PLLCmd                               0x080048a1   Thumb Code     6  stm32f10x_rcc.o(.text)
    RCC_SYSCLKConfig                         0x080048a7   Thumb Code    18  stm32f10x_rcc.o(.text)
    RCC_GetSYSCLKSource                      0x080048b9   Thumb Code    10  stm32f10x_rcc.o(.text)
    RCC_HCLKConfig                           0x080048c3   Thumb Code    18  stm32f10x_rcc.o(.text)
    RCC_PCLK1Config                          0x080048d5   Thumb Code    18  stm32f10x_rcc.o(.text)
    RCC_PCLK2Config                          0x080048e7   Thumb Code    20  stm32f10x_rcc.o(.text)
    RCC_ITConfig                             0x080048fb   Thumb Code    26  stm32f10x_rcc.o(.text)
    RCC_USBCLKConfig                         0x08004915   Thumb Code     8  stm32f10x_rcc.o(.text)
    RCC_ADCCLKConfig                         0x0800491d   Thumb Code    18  stm32f10x_rcc.o(.text)
    RCC_LSEConfig                            0x0800492f   Thumb Code    50  stm32f10x_rcc.o(.text)
    RCC_LSICmd                               0x08004961   Thumb Code     6  stm32f10x_rcc.o(.text)
    RCC_RTCCLKConfig                         0x08004967   Thumb Code    12  stm32f10x_rcc.o(.text)
    RCC_RTCCLKCmd                            0x08004973   Thumb Code     8  stm32f10x_rcc.o(.text)
    RCC_GetClocksFreq                        0x0800497b   Thumb Code   192  stm32f10x_rcc.o(.text)
    RCC_AHBPeriphClockCmd                    0x08004a3b   Thumb Code    26  stm32f10x_rcc.o(.text)
    RCC_APB2PeriphClockCmd                   0x08004a55   Thumb Code    26  stm32f10x_rcc.o(.text)
    RCC_APB1PeriphClockCmd                   0x08004a6f   Thumb Code    26  stm32f10x_rcc.o(.text)
    RCC_APB2PeriphResetCmd                   0x08004a89   Thumb Code    26  stm32f10x_rcc.o(.text)
    RCC_APB1PeriphResetCmd                   0x08004aa3   Thumb Code    26  stm32f10x_rcc.o(.text)
    RCC_BackupResetCmd                       0x08004abd   Thumb Code     8  stm32f10x_rcc.o(.text)
    RCC_ClockSecuritySystemCmd               0x08004ac5   Thumb Code     6  stm32f10x_rcc.o(.text)
    RCC_MCOConfig                            0x08004acb   Thumb Code     6  stm32f10x_rcc.o(.text)
    RCC_ClearFlag                            0x08004ad1   Thumb Code    14  stm32f10x_rcc.o(.text)
    RCC_GetITStatus                          0x08004adf   Thumb Code    20  stm32f10x_rcc.o(.text)
    RCC_ClearITPendingBit                    0x08004af3   Thumb Code     6  stm32f10x_rcc.o(.text)
    USART_DeInit                             0x08004b1d   Thumb Code   134  stm32f10x_usart.o(.text)
    USART_Init                               0x08004ba3   Thumb Code   210  stm32f10x_usart.o(.text)
    USART_StructInit                         0x08004c75   Thumb Code    24  stm32f10x_usart.o(.text)
    USART_ClockInit                          0x08004c8d   Thumb Code    34  stm32f10x_usart.o(.text)
    USART_ClockStructInit                    0x08004caf   Thumb Code    12  stm32f10x_usart.o(.text)
    USART_Cmd                                0x08004cbb   Thumb Code    24  stm32f10x_usart.o(.text)
    USART_ITConfig                           0x08004cd3   Thumb Code    74  stm32f10x_usart.o(.text)
    USART_DMACmd                             0x08004d1d   Thumb Code    18  stm32f10x_usart.o(.text)
    USART_SetAddress                         0x08004d2f   Thumb Code    18  stm32f10x_usart.o(.text)
    USART_WakeUpConfig                       0x08004d41   Thumb Code    18  stm32f10x_usart.o(.text)
    USART_ReceiverWakeUpCmd                  0x08004d53   Thumb Code    24  stm32f10x_usart.o(.text)
    USART_LINBreakDetectLengthConfig         0x08004d6b   Thumb Code    18  stm32f10x_usart.o(.text)
    USART_LINCmd                             0x08004d7d   Thumb Code    24  stm32f10x_usart.o(.text)
    USART_SendData                           0x08004d95   Thumb Code     8  stm32f10x_usart.o(.text)
    USART_ReceiveData                        0x08004d9d   Thumb Code    10  stm32f10x_usart.o(.text)
    USART_SendBreak                          0x08004da7   Thumb Code    10  stm32f10x_usart.o(.text)
    USART_SetGuardTime                       0x08004db1   Thumb Code    16  stm32f10x_usart.o(.text)
    USART_SetPrescaler                       0x08004dc1   Thumb Code    16  stm32f10x_usart.o(.text)
    USART_SmartCardCmd                       0x08004dd1   Thumb Code    24  stm32f10x_usart.o(.text)
    USART_SmartCardNACKCmd                   0x08004de9   Thumb Code    24  stm32f10x_usart.o(.text)
    USART_HalfDuplexCmd                      0x08004e01   Thumb Code    24  stm32f10x_usart.o(.text)
    USART_OverSampling8Cmd                   0x08004e19   Thumb Code    22  stm32f10x_usart.o(.text)
    USART_OneBitMethodCmd                    0x08004e2f   Thumb Code    24  stm32f10x_usart.o(.text)
    USART_IrDAConfig                         0x08004e47   Thumb Code    18  stm32f10x_usart.o(.text)
    USART_IrDACmd                            0x08004e59   Thumb Code    24  stm32f10x_usart.o(.text)
    USART_GetFlagStatus                      0x08004e71   Thumb Code    26  stm32f10x_usart.o(.text)
    USART_ClearFlag                          0x08004e8b   Thumb Code    18  stm32f10x_usart.o(.text)
    USART_GetITStatus                        0x08004e9d   Thumb Code    84  stm32f10x_usart.o(.text)
    USART_ClearITPendingBit                  0x08004ef1   Thumb Code    52  stm32f10x_usart.o(.text)
    TIM_DeInit                               0x08004f25   Thumb Code   424  stm32f10x_tim.o(.text)
    TIM_TimeBaseInit                         0x080050cd   Thumb Code   122  stm32f10x_tim.o(.text)
    TIM_OC1Init                              0x08005147   Thumb Code   132  stm32f10x_tim.o(.text)
    TIM_OC2Init                              0x080051cb   Thumb Code   154  stm32f10x_tim.o(.text)
    TIM_OC3Init                              0x08005265   Thumb Code   150  stm32f10x_tim.o(.text)
    TIM_OC4Init                              0x080052fb   Thumb Code   182  stm32f10x_tim.o(.text)
    TIM_SetIC4Prescaler                      0x080053b1   Thumb Code    26  stm32f10x_tim.o(.text)
    TIM_SetIC3Prescaler                      0x0800544d   Thumb Code    18  stm32f10x_tim.o(.text)
    TIM_SetIC2Prescaler                      0x080054d9   Thumb Code    26  stm32f10x_tim.o(.text)
    TIM_SetIC1Prescaler                      0x08005575   Thumb Code    18  stm32f10x_tim.o(.text)
    TIM_ICInit                               0x080055f3   Thumb Code   150  stm32f10x_tim.o(.text)
    TIM_PWMIConfig                           0x08005689   Thumb Code   124  stm32f10x_tim.o(.text)
    TIM_BDTRConfig                           0x08005705   Thumb Code    32  stm32f10x_tim.o(.text)
    TIM_TimeBaseStructInit                   0x08005725   Thumb Code    18  stm32f10x_tim.o(.text)
    TIM_OCStructInit                         0x08005737   Thumb Code    20  stm32f10x_tim.o(.text)
    TIM_ICStructInit                         0x0800574b   Thumb Code    18  stm32f10x_tim.o(.text)
    TIM_BDTRStructInit                       0x0800575d   Thumb Code    40  stm32f10x_tim.o(.text)
    TIM_Cmd                                  0x08005785   Thumb Code    24  stm32f10x_tim.o(.text)
    TIM_CtrlPWMOutputs                       0x0800579d   Thumb Code    30  stm32f10x_tim.o(.text)
    TIM_ITConfig                             0x080057bb   Thumb Code    18  stm32f10x_tim.o(.text)
    TIM_GenerateEvent                        0x080057cd   Thumb Code     4  stm32f10x_tim.o(.text)
    TIM_DMAConfig                            0x080057d1   Thumb Code    10  stm32f10x_tim.o(.text)
    TIM_DMACmd                               0x080057db   Thumb Code    18  stm32f10x_tim.o(.text)
    TIM_InternalClockConfig                  0x080057ed   Thumb Code    12  stm32f10x_tim.o(.text)
    TIM_SelectInputTrigger                   0x080057f9   Thumb Code    18  stm32f10x_tim.o(.text)
    TIM_ITRxExternalClockConfig              0x0800580b   Thumb Code    24  stm32f10x_tim.o(.text)
    TIM_TIxExternalClockConfig               0x08005823   Thumb Code    62  stm32f10x_tim.o(.text)
    TIM_ETRConfig                            0x08005861   Thumb Code    28  stm32f10x_tim.o(.text)
    TIM_ETRClockMode1Config                  0x0800587d   Thumb Code    54  stm32f10x_tim.o(.text)
    TIM_ETRClockMode2Config                  0x080058b3   Thumb Code    32  stm32f10x_tim.o(.text)
    TIM_PrescalerConfig                      0x080058d3   Thumb Code     6  stm32f10x_tim.o(.text)
    TIM_CounterModeConfig                    0x080058d9   Thumb Code    18  stm32f10x_tim.o(.text)
    TIM_EncoderInterfaceConfig               0x080058eb   Thumb Code    66  stm32f10x_tim.o(.text)
    TIM_ForcedOC1Config                      0x0800592d   Thumb Code    18  stm32f10x_tim.o(.text)
    TIM_ForcedOC2Config                      0x0800593f   Thumb Code    26  stm32f10x_tim.o(.text)
    TIM_ForcedOC3Config                      0x08005959   Thumb Code    18  stm32f10x_tim.o(.text)
    TIM_ForcedOC4Config                      0x0800596b   Thumb Code    26  stm32f10x_tim.o(.text)
    TIM_ARRPreloadConfig                     0x08005985   Thumb Code    24  stm32f10x_tim.o(.text)
    TIM_SelectCOM                            0x0800599d   Thumb Code    24  stm32f10x_tim.o(.text)
    TIM_SelectCCDMA                          0x080059b5   Thumb Code    24  stm32f10x_tim.o(.text)
    TIM_CCPreloadControl                     0x080059cd   Thumb Code    24  stm32f10x_tim.o(.text)
    TIM_OC1PreloadConfig                     0x080059e5   Thumb Code    18  stm32f10x_tim.o(.text)
    TIM_OC2PreloadConfig                     0x080059f7   Thumb Code    26  stm32f10x_tim.o(.text)
    TIM_OC3PreloadConfig                     0x08005a11   Thumb Code    18  stm32f10x_tim.o(.text)
    TIM_OC4PreloadConfig                     0x08005a23   Thumb Code    26  stm32f10x_tim.o(.text)
    TIM_OC1FastConfig                        0x08005a3d   Thumb Code    18  stm32f10x_tim.o(.text)
    TIM_OC2FastConfig                        0x08005a4f   Thumb Code    26  stm32f10x_tim.o(.text)
    TIM_OC3FastConfig                        0x08005a69   Thumb Code    18  stm32f10x_tim.o(.text)
    TIM_OC4FastConfig                        0x08005a7b   Thumb Code    26  stm32f10x_tim.o(.text)
    TIM_ClearOC1Ref                          0x08005a95   Thumb Code    18  stm32f10x_tim.o(.text)
    TIM_ClearOC2Ref                          0x08005aa7   Thumb Code    24  stm32f10x_tim.o(.text)
    TIM_ClearOC3Ref                          0x08005abf   Thumb Code    18  stm32f10x_tim.o(.text)
    TIM_ClearOC4Ref                          0x08005ad1   Thumb Code    24  stm32f10x_tim.o(.text)
    TIM_OC1PolarityConfig                    0x08005ae9   Thumb Code    18  stm32f10x_tim.o(.text)
    TIM_OC1NPolarityConfig                   0x08005afb   Thumb Code    18  stm32f10x_tim.o(.text)
    TIM_OC2PolarityConfig                    0x08005b0d   Thumb Code    26  stm32f10x_tim.o(.text)
    TIM_OC2NPolarityConfig                   0x08005b27   Thumb Code    26  stm32f10x_tim.o(.text)
    TIM_OC3PolarityConfig                    0x08005b41   Thumb Code    26  stm32f10x_tim.o(.text)
    TIM_OC3NPolarityConfig                   0x08005b5b   Thumb Code    26  stm32f10x_tim.o(.text)
    TIM_OC4PolarityConfig                    0x08005b75   Thumb Code    26  stm32f10x_tim.o(.text)
    TIM_CCxCmd                               0x08005b8f   Thumb Code    30  stm32f10x_tim.o(.text)
    TIM_CCxNCmd                              0x08005bad   Thumb Code    30  stm32f10x_tim.o(.text)
    TIM_SelectOCxM                           0x08005bcb   Thumb Code    82  stm32f10x_tim.o(.text)
    TIM_UpdateDisableConfig                  0x08005c1d   Thumb Code    24  stm32f10x_tim.o(.text)
    TIM_UpdateRequestConfig                  0x08005c35   Thumb Code    24  stm32f10x_tim.o(.text)
    TIM_SelectHallSensor                     0x08005c4d   Thumb Code    24  stm32f10x_tim.o(.text)
    TIM_SelectOnePulseMode                   0x08005c65   Thumb Code    18  stm32f10x_tim.o(.text)
    TIM_SelectOutputTrigger                  0x08005c77   Thumb Code    18  stm32f10x_tim.o(.text)
    TIM_SelectSlaveMode                      0x08005c89   Thumb Code    18  stm32f10x_tim.o(.text)
    TIM_SelectMasterSlaveMode                0x08005c9b   Thumb Code    18  stm32f10x_tim.o(.text)
    TIM_SetCounter                           0x08005cad   Thumb Code     4  stm32f10x_tim.o(.text)
    TIM_SetAutoreload                        0x08005cb1   Thumb Code     4  stm32f10x_tim.o(.text)
    TIM_SetCompare1                          0x08005cb5   Thumb Code     4  stm32f10x_tim.o(.text)
    TIM_SetCompare2                          0x08005cb9   Thumb Code     4  stm32f10x_tim.o(.text)
    TIM_SetCompare3                          0x08005cbd   Thumb Code     4  stm32f10x_tim.o(.text)
    TIM_SetCompare4                          0x08005cc1   Thumb Code     6  stm32f10x_tim.o(.text)
    TIM_SetClockDivision                     0x08005cc7   Thumb Code    18  stm32f10x_tim.o(.text)
    TIM_GetCapture1                          0x08005cd9   Thumb Code     6  stm32f10x_tim.o(.text)
    TIM_GetCapture2                          0x08005cdf   Thumb Code     6  stm32f10x_tim.o(.text)
    TIM_GetCapture3                          0x08005ce5   Thumb Code     6  stm32f10x_tim.o(.text)
    TIM_GetCapture4                          0x08005ceb   Thumb Code     8  stm32f10x_tim.o(.text)
    TIM_GetCounter                           0x08005cf3   Thumb Code     6  stm32f10x_tim.o(.text)
    TIM_GetPrescaler                         0x08005cf9   Thumb Code     6  stm32f10x_tim.o(.text)
    TIM_GetFlagStatus                        0x08005cff   Thumb Code    18  stm32f10x_tim.o(.text)
    TIM_ClearFlag                            0x08005d11   Thumb Code     6  stm32f10x_tim.o(.text)
    TIM_GetITStatus                          0x08005d17   Thumb Code    34  stm32f10x_tim.o(.text)
    TIM_ClearITPendingBit                    0x08005d39   Thumb Code     6  stm32f10x_tim.o(.text)
    usmart_sys_cmd_exe                       0x08005d41   Thumb Code  1554  usmart.o(.text)
    usmart_reset_runtime                     0x08006353   Thumb Code    38  usmart.o(.text)
    usmart_get_runtime                       0x08006379   Thumb Code    60  usmart.o(.text)
    TIM4_IRQHandler                          0x080063b5   Thumb Code    46  usmart.o(.text)
    Timer4_Init                              0x080063e3   Thumb Code    88  usmart.o(.text)
    usmart_init                              0x0800643b   Thumb Code    36  usmart.o(.text)
    usmart_cmd_rec                           0x0800645f   Thumb Code   170  usmart.o(.text)
    usmart_exe                               0x08006509   Thumb Code   870  usmart.o(.text)
    usmart_scan                              0x0800686f   Thumb Code   120  usmart.o(.text)
    read_addr                                0x080068e7   Thumb Code     6  usmart.o(.text)
    write_addr                               0x080068ed   Thumb Code     4  usmart.o(.text)
    usmart_strcmp                            0x08006979   Thumb Code    34  usmart_str.o(.text)
    usmart_strcopy                           0x0800699b   Thumb Code    22  usmart_str.o(.text)
    usmart_strlen                            0x080069b1   Thumb Code    24  usmart_str.o(.text)
    usmart_pow                               0x080069c9   Thumb Code    22  usmart_str.o(.text)
    usmart_str2num                           0x080069df   Thumb Code   202  usmart_str.o(.text)
    usmart_get_cmdname                       0x08006aa9   Thumb Code    54  usmart_str.o(.text)
    usmart_search_nextc                      0x08006adf   Thumb Code    22  usmart_str.o(.text)
    usmart_get_fname                         0x08006af5   Thumb Code   440  usmart_str.o(.text)
    usmart_get_aparm                         0x08006cad   Thumb Code   200  usmart_str.o(.text)
    usmart_get_parmpos                       0x08006d75   Thumb Code    26  usmart_str.o(.text)
    usmart_get_fparam                        0x08006d8f   Thumb Code   262  usmart_str.o(.text)
    __use_no_semihosting                     0x08006ea1   Thumb Code     2  use_no_semi_2.o(.text)
    __aeabi_ldivmod                          0x08006ea3   Thumb Code     0  llsdiv.o(.text)
    _ll_sdiv                                 0x08006ea3   Thumb Code    72  llsdiv.o(.text)
    __2printf                                0x08006eed   Thumb Code    20  noretval__2printf.o(.text)
    _printf_pre_padding                      0x08006f05   Thumb Code    44  _printf_pad.o(.text)
    _printf_post_padding                     0x08006f31   Thumb Code    34  _printf_pad.o(.text)
    _printf_str                              0x08006f53   Thumb Code    82  _printf_str.o(.text)
    _printf_int_dec                          0x08006fa5   Thumb Code   104  _printf_dec.o(.text)
    _printf_int_hex                          0x0800701d   Thumb Code    84  _printf_hex_int.o(.text)
    _printf_longlong_hex                     0x0800701d   Thumb Code     0  _printf_hex_int.o(.text)
    __printf                                 0x08007075   Thumb Code   388  __printf_flags_ss_wp.o(.text)
    memcmp                                   0x080071fd   Thumb Code    88  memcmp.o(.text)
    __aeabi_memset                           0x08007255   Thumb Code    16  aeabi_memset.o(.text)
    __use_two_region_memory                  0x08007265   Thumb Code     2  heapauxi.o(.text)
    __rt_heap_escrow$2region                 0x08007267   Thumb Code     2  heapauxi.o(.text)
    __rt_heap_expand$2region                 0x08007269   Thumb Code     2  heapauxi.o(.text)
    __I$use$semihosting                      0x0800726b   Thumb Code     0  use_no_semi.o(.text)
    __use_no_semihosting_swi                 0x0800726b   Thumb Code     2  use_no_semi.o(.text)
    __aeabi_uldivmod                         0x0800726d   Thumb Code     0  lludivv7m.o(.text)
    _ll_udiv                                 0x0800726d   Thumb Code   238  lludivv7m.o(.text)
    __read_errno                             0x0800735b   Thumb Code    10  _rserrno.o(.text)
    __set_errno                              0x08007365   Thumb Code    12  _rserrno.o(.text)
    _printf_int_common                       0x08007371   Thumb Code   178  _printf_intcommon.o(.text)
    _printf_cs_common                        0x08007423   Thumb Code    20  _printf_char.o(.text)
    _printf_char                             0x08007437   Thumb Code    16  _printf_char.o(.text)
    _printf_string                           0x08007447   Thumb Code     8  _printf_char.o(.text)
    _printf_char_file                        0x08007451   Thumb Code    32  _printf_char_file.o(.text)
    __aeabi_memclr                           0x08007475   Thumb Code     0  rt_memclr.o(.text)
    __rt_memclr                              0x08007475   Thumb Code    68  rt_memclr.o(.text)
    _memset                                  0x08007479   Thumb Code     0  rt_memclr.o(.text)
    __aeabi_errno_addr                       0x080074b9   Thumb Code     8  rt_errno_addr_intlibspace.o(.text)
    __errno$intlibspace                      0x080074b9   Thumb Code     0  rt_errno_addr_intlibspace.o(.text)
    __rt_errno_addr$intlibspace              0x080074b9   Thumb Code     0  rt_errno_addr_intlibspace.o(.text)
    _printf_char_common                      0x080074cb   Thumb Code    32  _printf_char_common.o(.text)
    ferror                                   0x080074f1   Thumb Code     8  ferror.o(.text)
    __aeabi_memclr4                          0x080074f9   Thumb Code     0  rt_memclr_w.o(.text)
    __aeabi_memclr8                          0x080074f9   Thumb Code     0  rt_memclr_w.o(.text)
    __rt_memclr_w                            0x080074f9   Thumb Code    78  rt_memclr_w.o(.text)
    _memset_w                                0x080074fd   Thumb Code     0  rt_memclr_w.o(.text)
    __user_libspace                          0x08007549   Thumb Code     8  libspace.o(.text)
    __user_perproc_libspace                  0x08007549   Thumb Code     0  libspace.o(.text)
    __user_perthread_libspace                0x08007549   Thumb Code     0  libspace.o(.text)
    __user_setup_stackheap                   0x08007551   Thumb Code    74  sys_stackheap_outer.o(.text)
    exit                                     0x0800759b   Thumb Code    18  exit.o(.text)
    __ARM_fpclassify                         0x080075ad   Thumb Code    40  fpclassify.o(i.__ARM_fpclassify)
    __kernel_poly                            0x080075d5   Thumb Code   170  poly.o(i.__kernel_poly)
    __mathlib_dbl_divzero                    0x08007681   Thumb Code    12  dunder.o(i.__mathlib_dbl_divzero)
    __mathlib_dbl_infnan                     0x08007691   Thumb Code     6  dunder.o(i.__mathlib_dbl_infnan)
    __mathlib_dbl_infnan2                    0x08007697   Thumb Code     4  dunder.o(i.__mathlib_dbl_infnan2)
    __mathlib_dbl_invalid                    0x0800769b   Thumb Code    12  dunder.o(i.__mathlib_dbl_invalid)
    __mathlib_dbl_overflow                   0x080076a7   Thumb Code    14  dunder.o(i.__mathlib_dbl_overflow)
    __mathlib_dbl_underflow                  0x080076b5   Thumb Code    10  dunder.o(i.__mathlib_dbl_underflow)
    _is_digit                                0x080076c5   Thumb Code    14  __printf_wp.o(i._is_digit)
    asin                                     0x080076d5   Thumb Code   572  asin.o(i.asin)
    atan                                     0x08007945   Thumb Code   474  atan.o(i.atan)
    atan2                                    0x08007b65   Thumb Code   346  atan2.o(i.atan2)
    pow                                      0x08007ce5   Thumb Code  2512  pow.o(i.pow)
    sqrt                                     0x080086bd   Thumb Code    76  sqrt.o(i.sqrt)
    __aeabi_d2f                              0x08008709   Thumb Code     0  d2f.o(x$fpl$d2f)
    _d2f                                     0x08008709   Thumb Code    98  d2f.o(x$fpl$d2f)
    __aeabi_dadd                             0x0800876d   Thumb Code     0  daddsub_clz.o(x$fpl$dadd)
    _dadd                                    0x0800876d   Thumb Code   332  daddsub_clz.o(x$fpl$dadd)
    __fpl_dcheck_NaN1                        0x080088bd   Thumb Code    10  dcheck1.o(x$fpl$dcheck1)
    __fpl_dcmp_Inf                           0x080088cd   Thumb Code    24  dcmpi.o(x$fpl$dcmpinf)
    __aeabi_ddiv                             0x080088e5   Thumb Code     0  ddiv.o(x$fpl$ddiv)
    _ddiv                                    0x080088e5   Thumb Code   552  ddiv.o(x$fpl$ddiv)
    __aeabi_d2iz                             0x08008b95   Thumb Code     0  dfix.o(x$fpl$dfix)
    _dfix                                    0x08008b95   Thumb Code    94  dfix.o(x$fpl$dfix)
    __aeabi_i2d                              0x08008bf3   Thumb Code     0  dflt_clz.o(x$fpl$dflt)
    _dflt                                    0x08008bf3   Thumb Code    46  dflt_clz.o(x$fpl$dflt)
    __aeabi_cdcmple                          0x08008c21   Thumb Code     0  dleqf.o(x$fpl$dleqf)
    _dcmple                                  0x08008c21   Thumb Code   120  dleqf.o(x$fpl$dleqf)
    __fpl_dcmple_InfNaN                      0x08008c83   Thumb Code     0  dleqf.o(x$fpl$dleqf)
    __aeabi_dmul                             0x08008c99   Thumb Code     0  dmul.o(x$fpl$dmul)
    _dmul                                    0x08008c99   Thumb Code   332  dmul.o(x$fpl$dmul)
    __fpl_dnaninf                            0x08008ded   Thumb Code   156  dnaninf.o(x$fpl$dnaninf)
    __fpl_dretinf                            0x08008e89   Thumb Code    12  dretinf.o(x$fpl$dretinf)
    __aeabi_cdrcmple                         0x08008e95   Thumb Code     0  drleqf.o(x$fpl$drleqf)
    _drcmple                                 0x08008e95   Thumb Code   108  drleqf.o(x$fpl$drleqf)
    __aeabi_drsub                            0x08008f01   Thumb Code     0  daddsub_clz.o(x$fpl$drsb)
    _drsb                                    0x08008f01   Thumb Code    22  daddsub_clz.o(x$fpl$drsb)
    _dsqrt                                   0x08008f19   Thumb Code   456  dsqrt_noumaal.o(x$fpl$dsqrt)
    __aeabi_dsub                             0x080090e5   Thumb Code     0  daddsub_clz.o(x$fpl$dsub)
    _dsub                                    0x080090e5   Thumb Code   464  daddsub_clz.o(x$fpl$dsub)
    __aeabi_f2d                              0x080092b9   Thumb Code     0  f2d.o(x$fpl$f2d)
    _f2d                                     0x080092b9   Thumb Code    86  f2d.o(x$fpl$f2d)
    __aeabi_fadd                             0x08009311   Thumb Code     0  faddsub_clz.o(x$fpl$fadd)
    _fadd                                    0x08009311   Thumb Code   196  faddsub_clz.o(x$fpl$fadd)
    __fpl_fcmp_Inf                           0x080093d5   Thumb Code    24  fcmpi.o(x$fpl$fcmpinf)
    __aeabi_fdiv                             0x080093ed   Thumb Code     0  fdiv.o(x$fpl$fdiv)
    _fdiv                                    0x080093ed   Thumb Code   384  fdiv.o(x$fpl$fdiv)
    __aeabi_cfcmpeq                          0x08009571   Thumb Code     0  feqf.o(x$fpl$feqf)
    _fcmpeq                                  0x08009571   Thumb Code   104  feqf.o(x$fpl$feqf)
    __aeabi_f2iz                             0x080095d9   Thumb Code     0  ffix.o(x$fpl$ffix)
    _ffix                                    0x080095d9   Thumb Code    54  ffix.o(x$fpl$ffix)
    __aeabi_f2uiz                            0x08009611   Thumb Code     0  ffixu.o(x$fpl$ffixu)
    _ffixu                                   0x08009611   Thumb Code    62  ffixu.o(x$fpl$ffixu)
    __aeabi_i2f                              0x08009651   Thumb Code     0  fflt_clz.o(x$fpl$fflt)
    _fflt                                    0x08009651   Thumb Code    48  fflt_clz.o(x$fpl$fflt)
    __aeabi_ui2f                             0x08009681   Thumb Code     0  fflt_clz.o(x$fpl$ffltu)
    _ffltu                                   0x08009681   Thumb Code    38  fflt_clz.o(x$fpl$ffltu)
    __aeabi_cfcmple                          0x080096a9   Thumb Code     0  fleqf.o(x$fpl$fleqf)
    _fcmple                                  0x080096a9   Thumb Code   104  fleqf.o(x$fpl$fleqf)
    __fpl_fcmple_InfNaN                      0x080096fb   Thumb Code     0  fleqf.o(x$fpl$fleqf)
    __aeabi_fmul                             0x08009711   Thumb Code     0  fmul.o(x$fpl$fmul)
    _fmul                                    0x08009711   Thumb Code   258  fmul.o(x$fpl$fmul)
    __fpl_fnaninf                            0x08009813   Thumb Code   140  fnaninf.o(x$fpl$fnaninf)
    __fpl_fretinf                            0x0800989f   Thumb Code    10  fretinf.o(x$fpl$fretinf)
    __aeabi_cfrcmple                         0x080098a9   Thumb Code     0  frleqf.o(x$fpl$frleqf)
    _frcmple                                 0x080098a9   Thumb Code    98  frleqf.o(x$fpl$frleqf)
    __aeabi_fsub                             0x0800990d   Thumb Code     0  faddsub_clz.o(x$fpl$fsub)
    _fsub                                    0x0800990d   Thumb Code   234  faddsub_clz.o(x$fpl$fsub)
    __fpl_return_NaN                         0x080099f7   Thumb Code   100  retnan.o(x$fpl$retnan)
    __ARM_scalbn                             0x08009a5b   Thumb Code    92  scalbn.o(x$fpl$scalbn)
    __fpl_cmpreturn                          0x08009ab7   Thumb Code    48  trapv.o(x$fpl$trapveneer)
    __I$use$fp                               0x08009ae6   Number         0  usenofp.o(x$fpl$usenofp)
    reg                                      0x08009ae8   Data          27  inv_mpu.o(.constdata)
    hw                                       0x08009b04   Data          12  inv_mpu.o(.constdata)
    test                                     0x08009b10   Data          40  inv_mpu.o(.constdata)
    __mathlib_zero                           0x0800a8d8   Data           8  qnan.o(.constdata)
    Region$$Table$$Base                      0x0800aa24   Number         0  anon$$obj.o(Region$$Table)
    Region$$Table$$Limit                     0x0800aa44   Number         0  anon$$obj.o(Region$$Table)
    SystemCoreClock                          0x20000000   Data           4  system_stm32f10x.o(.data)
    AHBPrescTable                            0x20000004   Data          16  system_stm32f10x.o(.data)
    __stdout                                 0x20000064   Data           4  usart.o(.data)
    USART_RX_STA                             0x20000068   Data           2  usart.o(.data)
    usartreport                              0x2000006a   Data           1  usart.o(.data)
    sys_cmd_tab                              0x20000080   Data          28  usmart.o(.data)
    usmart_nametab                           0x2000009c   Data          56  usmart_config.o(.data)
    usmart_dev                               0x200000d4   Data         244  usmart_config.o(.data)
    bmp180                                   0x200001d8   Data          84  bmp180.o(.bss)
    USART_RX_BUF                             0x2000022c   Data         200  usart.o(.bss)
    __libspace_start                         0x200002f4   Data          96  libspace.o(.bss)
    __temporary_stack_top$libspace           0x20000354   Data           0  libspace.o(.bss)



==============================================================================

Memory Map of the image

  Image Entry point : 0x080000ed

  Load Region LR_IROM1 (Base: 0x08000000, Size: 0x0000ac0c, Max: 0x00010000, ABSOLUTE, COMPRESSED[0x0000aacc])

    Execution Region ER_IROM1 (Exec base: 0x08000000, Load base: 0x08000000, Size: 0x0000aa44, Max: 0x00010000, ABSOLUTE)

    Exec Addr    Load Addr    Size         Type   Attr      Idx    E Section Name        Object

    0x08000000   0x08000000   0x000000ec   Data   RO          403    RESET               startup_stm32f10x_md.o
    0x080000ec   0x080000ec   0x00000008   Code   RO          594  * !!!main             c_w.l(__main.o)
    0x080000f4   0x080000f4   0x00000034   Code   RO          939    !!!scatter          c_w.l(__scatter.o)
    0x08000128   0x08000128   0x0000005a   Code   RO          937    !!dczerorl2         c_w.l(__dczerorl2.o)
    0x08000182   0x08000182   0x00000002   PAD
    0x08000184   0x08000184   0x0000001c   Code   RO          941    !!handler_zi        c_w.l(__scatter_zi.o)
    0x080001a0   0x080001a0   0x00000000   Code   RO          587    .ARM.Collect$$_printf_percent$$00000000  c_w.l(_printf_percent.o)
    0x080001a0   0x080001a0   0x00000006   Code   RO          585    .ARM.Collect$$_printf_percent$$00000009  c_w.l(_printf_d.o)
    0x080001a6   0x080001a6   0x00000006   Code   RO          586    .ARM.Collect$$_printf_percent$$0000000A  c_w.l(_printf_u.o)
    0x080001ac   0x080001ac   0x00000006   Code   RO          584    .ARM.Collect$$_printf_percent$$0000000C  c_w.l(_printf_x.o)
    0x080001b2   0x080001b2   0x00000006   Code   RO          582    .ARM.Collect$$_printf_percent$$00000013  c_w.l(_printf_c.o)
    0x080001b8   0x080001b8   0x00000006   Code   RO          583    .ARM.Collect$$_printf_percent$$00000014  c_w.l(_printf_s.o)
    0x080001be   0x080001be   0x00000004   Code   RO          695    .ARM.Collect$$_printf_percent$$00000017  c_w.l(_printf_percent_end.o)
    0x080001c2   0x080001c2   0x00000002   Code   RO          804    .ARM.Collect$$libinit$$00000000  c_w.l(libinit.o)
    0x080001c4   0x080001c4   0x00000000   Code   RO          816    .ARM.Collect$$libinit$$00000002  c_w.l(libinit2.o)
    0x080001c4   0x080001c4   0x00000000   Code   RO          818    .ARM.Collect$$libinit$$00000004  c_w.l(libinit2.o)
    0x080001c4   0x080001c4   0x00000000   Code   RO          821    .ARM.Collect$$libinit$$0000000A  c_w.l(libinit2.o)
    0x080001c4   0x080001c4   0x00000000   Code   RO          823    .ARM.Collect$$libinit$$0000000C  c_w.l(libinit2.o)
    0x080001c4   0x080001c4   0x00000000   Code   RO          825    .ARM.Collect$$libinit$$0000000E  c_w.l(libinit2.o)
    0x080001c4   0x080001c4   0x00000000   Code   RO          828    .ARM.Collect$$libinit$$00000011  c_w.l(libinit2.o)
    0x080001c4   0x080001c4   0x00000000   Code   RO          830    .ARM.Collect$$libinit$$00000013  c_w.l(libinit2.o)
    0x080001c4   0x080001c4   0x00000000   Code   RO          832    .ARM.Collect$$libinit$$00000015  c_w.l(libinit2.o)
    0x080001c4   0x080001c4   0x00000000   Code   RO          834    .ARM.Collect$$libinit$$00000017  c_w.l(libinit2.o)
    0x080001c4   0x080001c4   0x00000000   Code   RO          836    .ARM.Collect$$libinit$$00000019  c_w.l(libinit2.o)
    0x080001c4   0x080001c4   0x00000000   Code   RO          838    .ARM.Collect$$libinit$$0000001B  c_w.l(libinit2.o)
    0x080001c4   0x080001c4   0x00000000   Code   RO          840    .ARM.Collect$$libinit$$0000001D  c_w.l(libinit2.o)
    0x080001c4   0x080001c4   0x00000000   Code   RO          842    .ARM.Collect$$libinit$$0000001F  c_w.l(libinit2.o)
    0x080001c4   0x080001c4   0x00000000   Code   RO          844    .ARM.Collect$$libinit$$00000021  c_w.l(libinit2.o)
    0x080001c4   0x080001c4   0x00000000   Code   RO          846    .ARM.Collect$$libinit$$00000023  c_w.l(libinit2.o)
    0x080001c4   0x080001c4   0x00000000   Code   RO          848    .ARM.Collect$$libinit$$00000025  c_w.l(libinit2.o)
    0x080001c4   0x080001c4   0x00000000   Code   RO          852    .ARM.Collect$$libinit$$0000002C  c_w.l(libinit2.o)
    0x080001c4   0x080001c4   0x00000000   Code   RO          854    .ARM.Collect$$libinit$$0000002E  c_w.l(libinit2.o)
    0x080001c4   0x080001c4   0x00000000   Code   RO          856    .ARM.Collect$$libinit$$00000030  c_w.l(libinit2.o)
    0x080001c4   0x080001c4   0x00000000   Code   RO          858    .ARM.Collect$$libinit$$00000032  c_w.l(libinit2.o)
    0x080001c4   0x080001c4   0x00000002   Code   RO          859    .ARM.Collect$$libinit$$00000033  c_w.l(libinit2.o)
    0x080001c6   0x080001c6   0x00000002   Code   RO          889    .ARM.Collect$$libshutdown$$00000000  c_w.l(libshutdown.o)
    0x080001c8   0x080001c8   0x00000000   Code   RO          903    .ARM.Collect$$libshutdown$$00000002  c_w.l(libshutdown2.o)
    0x080001c8   0x080001c8   0x00000000   Code   RO          905    .ARM.Collect$$libshutdown$$00000004  c_w.l(libshutdown2.o)
    0x080001c8   0x080001c8   0x00000000   Code   RO          908    .ARM.Collect$$libshutdown$$00000007  c_w.l(libshutdown2.o)
    0x080001c8   0x080001c8   0x00000000   Code   RO          911    .ARM.Collect$$libshutdown$$0000000A  c_w.l(libshutdown2.o)
    0x080001c8   0x080001c8   0x00000000   Code   RO          913    .ARM.Collect$$libshutdown$$0000000C  c_w.l(libshutdown2.o)
    0x080001c8   0x080001c8   0x00000000   Code   RO          916    .ARM.Collect$$libshutdown$$0000000F  c_w.l(libshutdown2.o)
    0x080001c8   0x080001c8   0x00000002   Code   RO          917    .ARM.Collect$$libshutdown$$00000010  c_w.l(libshutdown2.o)
    0x080001ca   0x080001ca   0x00000000   Code   RO          684    .ARM.Collect$$rtentry$$00000000  c_w.l(__rtentry.o)
    0x080001ca   0x080001ca   0x00000000   Code   RO          751    .ARM.Collect$$rtentry$$00000002  c_w.l(__rtentry2.o)
    0x080001ca   0x080001ca   0x00000006   Code   RO          763    .ARM.Collect$$rtentry$$00000004  c_w.l(__rtentry4.o)
    0x080001d0   0x080001d0   0x00000000   Code   RO          753    .ARM.Collect$$rtentry$$00000009  c_w.l(__rtentry2.o)
    0x080001d0   0x080001d0   0x00000004   Code   RO          754    .ARM.Collect$$rtentry$$0000000A  c_w.l(__rtentry2.o)
    0x080001d4   0x080001d4   0x00000000   Code   RO          756    .ARM.Collect$$rtentry$$0000000C  c_w.l(__rtentry2.o)
    0x080001d4   0x080001d4   0x00000008   Code   RO          757    .ARM.Collect$$rtentry$$0000000D  c_w.l(__rtentry2.o)
    0x080001dc   0x080001dc   0x00000002   Code   RO          809    .ARM.Collect$$rtexit$$00000000  c_w.l(rtexit.o)
    0x080001de   0x080001de   0x00000000   Code   RO          863    .ARM.Collect$$rtexit$$00000002  c_w.l(rtexit2.o)
    0x080001de   0x080001de   0x00000004   Code   RO          864    .ARM.Collect$$rtexit$$00000003  c_w.l(rtexit2.o)
    0x080001e2   0x080001e2   0x00000006   Code   RO          865    .ARM.Collect$$rtexit$$00000004  c_w.l(rtexit2.o)
    0x080001e8   0x080001e8   0x000002a0   Code   RO            1    .text               main.o
    0x08000488   0x08000488   0x0000001a   Code   RO          151    .text               stm32f10x_it.o
    0x080004a2   0x080004a2   0x00000002   PAD
    0x080004a4   0x080004a4   0x000001e0   Code   RO          192    .text               system_stm32f10x.o
    0x08000684   0x08000684   0x0000024c   Code   RO          222    .text               mpuiic.o
    0x080008d0   0x080008d0   0x000003ac   Code   RO          234    .text               mpu6050.o
    0x08000c7c   0x08000c7c   0x0000228c   Code   RO          250    .text               inv_mpu.o
    0x08002f08   0x08002f08   0x00000d70   Code   RO          280    .text               inv_mpu_dmp_motion_driver.o
    0x08003c78   0x08003c78   0x000003b0   Code   RO          305    .text               bmp180.o
    0x08004028   0x08004028   0x000000b8   Code   RO          326    .text               kalmanfilter.o
    0x080040e0   0x080040e0   0x000000d4   Code   RO          337    .text               delay.o
    0x080041b4   0x080041b4   0x0000014c   Code   RO          368    .text               usart.o
    0x08004300   0x08004300   0x00000040   Code   RO          404    .text               startup_stm32f10x_md.o
    0x08004340   0x08004340   0x000000dc   Code   RO          408    .text               misc.o
    0x0800441c   0x0800441c   0x0000035c   Code   RO          432    .text               stm32f10x_gpio.o
    0x08004778   0x08004778   0x000003a4   Code   RO          444    .text               stm32f10x_rcc.o
    0x08004b1c   0x08004b1c   0x00000408   Code   RO          458    .text               stm32f10x_usart.o
    0x08004f24   0x08004f24   0x00000e1a   Code   RO          470    .text               stm32f10x_tim.o
    0x08005d3e   0x08005d3e   0x00000002   PAD
    0x08005d40   0x08005d40   0x00000c38   Code   RO          482    .text               usmart.o
    0x08006978   0x08006978   0x00000528   Code   RO          511    .text               usmart_str.o
    0x08006ea0   0x08006ea0   0x00000002   Code   RO          525    .text               c_w.l(use_no_semi_2.o)
    0x08006ea2   0x08006ea2   0x00000048   Code   RO          527    .text               c_w.l(llsdiv.o)
    0x08006eea   0x08006eea   0x00000002   PAD
    0x08006eec   0x08006eec   0x00000018   Code   RO          531    .text               c_w.l(noretval__2printf.o)
    0x08006f04   0x08006f04   0x0000004e   Code   RO          535    .text               c_w.l(_printf_pad.o)
    0x08006f52   0x08006f52   0x00000052   Code   RO          537    .text               c_w.l(_printf_str.o)
    0x08006fa4   0x08006fa4   0x00000078   Code   RO          539    .text               c_w.l(_printf_dec.o)
    0x0800701c   0x0800701c   0x00000058   Code   RO          544    .text               c_w.l(_printf_hex_int.o)
    0x08007074   0x08007074   0x00000188   Code   RO          579    .text               c_w.l(__printf_flags_ss_wp.o)
    0x080071fc   0x080071fc   0x00000058   Code   RO          588    .text               c_w.l(memcmp.o)
    0x08007254   0x08007254   0x00000010   Code   RO          590    .text               c_w.l(aeabi_memset.o)
    0x08007264   0x08007264   0x00000006   Code   RO          592    .text               c_w.l(heapauxi.o)
    0x0800726a   0x0800726a   0x00000002   Code   RO          682    .text               c_w.l(use_no_semi.o)
    0x0800726c   0x0800726c   0x000000ee   Code   RO          685    .text               c_w.l(lludivv7m.o)
    0x0800735a   0x0800735a   0x00000016   Code   RO          687    .text               c_w.l(_rserrno.o)
    0x08007370   0x08007370   0x000000b2   Code   RO          689    .text               c_w.l(_printf_intcommon.o)
    0x08007422   0x08007422   0x0000002c   Code   RO          691    .text               c_w.l(_printf_char.o)
    0x0800744e   0x0800744e   0x00000002   PAD
    0x08007450   0x08007450   0x00000024   Code   RO          693    .text               c_w.l(_printf_char_file.o)
    0x08007474   0x08007474   0x00000044   Code   RO          696    .text               c_w.l(rt_memclr.o)
    0x080074b8   0x080074b8   0x00000008   Code   RO          772    .text               c_w.l(rt_errno_addr_intlibspace.o)
    0x080074c0   0x080074c0   0x00000030   Code   RO          774    .text               c_w.l(_printf_char_common.o)
    0x080074f0   0x080074f0   0x00000008   Code   RO          776    .text               c_w.l(ferror.o)
    0x080074f8   0x080074f8   0x0000004e   Code   RO          780    .text               c_w.l(rt_memclr_w.o)
    0x08007546   0x08007546   0x00000002   PAD
    0x08007548   0x08007548   0x00000008   Code   RO          788    .text               c_w.l(libspace.o)
    0x08007550   0x08007550   0x0000004a   Code   RO          791    .text               c_w.l(sys_stackheap_outer.o)
    0x0800759a   0x0800759a   0x00000012   Code   RO          797    .text               c_w.l(exit.o)
    0x080075ac   0x080075ac   0x00000028   Code   RO          737    i.__ARM_fpclassify  m_ws.l(fpclassify.o)
    0x080075d4   0x080075d4   0x000000aa   Code   RO          739    i.__kernel_poly     m_ws.l(poly.o)
    0x0800767e   0x0800767e   0x00000002   PAD
    0x08007680   0x08007680   0x00000010   Code   RO          723    i.__mathlib_dbl_divzero  m_ws.l(dunder.o)
    0x08007690   0x08007690   0x00000006   Code   RO          724    i.__mathlib_dbl_infnan  m_ws.l(dunder.o)
    0x08007696   0x08007696   0x00000004   Code   RO          725    i.__mathlib_dbl_infnan2  m_ws.l(dunder.o)
    0x0800769a   0x0800769a   0x0000000c   Code   RO          726    i.__mathlib_dbl_invalid  m_ws.l(dunder.o)
    0x080076a6   0x080076a6   0x0000000e   Code   RO          727    i.__mathlib_dbl_overflow  m_ws.l(dunder.o)
    0x080076b4   0x080076b4   0x00000010   Code   RO          729    i.__mathlib_dbl_underflow  m_ws.l(dunder.o)
    0x080076c4   0x080076c4   0x0000000e   Code   RO          572    i._is_digit         c_w.l(__printf_wp.o)
    0x080076d2   0x080076d2   0x00000002   PAD
    0x080076d4   0x080076d4   0x00000270   Code   RO          655    i.asin              m_ws.l(asin.o)
    0x08007944   0x08007944   0x00000220   Code   RO          714    i.atan              m_ws.l(atan.o)
    0x08007b64   0x08007b64   0x00000180   Code   RO          665    i.atan2             m_ws.l(atan2.o)
    0x08007ce4   0x08007ce4   0x000009d8   Code   RO          673    i.pow               m_ws.l(pow.o)
    0x080086bc   0x080086bc   0x0000004c   Code   RO          743    i.sqrt              m_ws.l(sqrt.o)
    0x08008708   0x08008708   0x00000062   Code   RO          596    x$fpl$d2f           fz_ws.l(d2f.o)
    0x0800876a   0x0800876a   0x00000002   PAD
    0x0800876c   0x0800876c   0x00000150   Code   RO          598    x$fpl$dadd          fz_ws.l(daddsub_clz.o)
    0x080088bc   0x080088bc   0x00000010   Code   RO          782    x$fpl$dcheck1       fz_ws.l(dcheck1.o)
    0x080088cc   0x080088cc   0x00000018   Code   RO          805    x$fpl$dcmpinf       fz_ws.l(dcmpi.o)
    0x080088e4   0x080088e4   0x000002b0   Code   RO          605    x$fpl$ddiv          fz_ws.l(ddiv.o)
    0x08008b94   0x08008b94   0x0000005e   Code   RO          608    x$fpl$dfix          fz_ws.l(dfix.o)
    0x08008bf2   0x08008bf2   0x0000002e   Code   RO          613    x$fpl$dflt          fz_ws.l(dflt_clz.o)
    0x08008c20   0x08008c20   0x00000078   Code   RO          784    x$fpl$dleqf         fz_ws.l(dleqf.o)
    0x08008c98   0x08008c98   0x00000154   Code   RO          618    x$fpl$dmul          fz_ws.l(dmul.o)
    0x08008dec   0x08008dec   0x0000009c   Code   RO          698    x$fpl$dnaninf       fz_ws.l(dnaninf.o)
    0x08008e88   0x08008e88   0x0000000c   Code   RO          700    x$fpl$dretinf       fz_ws.l(dretinf.o)
    0x08008e94   0x08008e94   0x0000006c   Code   RO          702    x$fpl$drleqf        fz_ws.l(drleqf.o)
    0x08008f00   0x08008f00   0x00000016   Code   RO          599    x$fpl$drsb          fz_ws.l(daddsub_clz.o)
    0x08008f16   0x08008f16   0x00000002   PAD
    0x08008f18   0x08008f18   0x000001cc   Code   RO          786    x$fpl$dsqrt         fz_ws.l(dsqrt_noumaal.o)
    0x080090e4   0x080090e4   0x000001d4   Code   RO          600    x$fpl$dsub          fz_ws.l(daddsub_clz.o)
    0x080092b8   0x080092b8   0x00000056   Code   RO          620    x$fpl$f2d           fz_ws.l(f2d.o)
    0x0800930e   0x0800930e   0x00000002   PAD
    0x08009310   0x08009310   0x000000c4   Code   RO          622    x$fpl$fadd          fz_ws.l(faddsub_clz.o)
    0x080093d4   0x080093d4   0x00000018   Code   RO          704    x$fpl$fcmpinf       fz_ws.l(fcmpi.o)
    0x080093ec   0x080093ec   0x00000184   Code   RO          629    x$fpl$fdiv          fz_ws.l(fdiv.o)
    0x08009570   0x08009570   0x00000068   Code   RO          632    x$fpl$feqf          fz_ws.l(feqf.o)
    0x080095d8   0x080095d8   0x00000036   Code   RO          634    x$fpl$ffix          fz_ws.l(ffix.o)
    0x0800960e   0x0800960e   0x00000002   PAD
    0x08009610   0x08009610   0x0000003e   Code   RO          638    x$fpl$ffixu         fz_ws.l(ffixu.o)
    0x0800964e   0x0800964e   0x00000002   PAD
    0x08009650   0x08009650   0x00000030   Code   RO          643    x$fpl$fflt          fz_ws.l(fflt_clz.o)
    0x08009680   0x08009680   0x00000026   Code   RO          642    x$fpl$ffltu         fz_ws.l(fflt_clz.o)
    0x080096a6   0x080096a6   0x00000002   PAD
    0x080096a8   0x080096a8   0x00000068   Code   RO          648    x$fpl$fleqf         fz_ws.l(fleqf.o)
    0x08009710   0x08009710   0x00000102   Code   RO          650    x$fpl$fmul          fz_ws.l(fmul.o)
    0x08009812   0x08009812   0x0000008c   Code   RO          706    x$fpl$fnaninf       fz_ws.l(fnaninf.o)
    0x0800989e   0x0800989e   0x0000000a   Code   RO          708    x$fpl$fretinf       fz_ws.l(fretinf.o)
    0x080098a8   0x080098a8   0x00000062   Code   RO          652    x$fpl$frleqf        fz_ws.l(frleqf.o)
    0x0800990a   0x0800990a   0x00000002   PAD
    0x0800990c   0x0800990c   0x000000ea   Code   RO          624    x$fpl$fsub          fz_ws.l(faddsub_clz.o)
    0x080099f6   0x080099f6   0x00000064   Code   RO          807    x$fpl$retnan        fz_ws.l(retnan.o)
    0x08009a5a   0x08009a5a   0x0000005c   Code   RO          710    x$fpl$scalbn        fz_ws.l(scalbn.o)
    0x08009ab6   0x08009ab6   0x00000030   Code   RO          860    x$fpl$trapveneer    fz_ws.l(trapv.o)
    0x08009ae6   0x08009ae6   0x00000000   Code   RO          712    x$fpl$usenofp       fz_ws.l(usenofp.o)
    0x08009ae6   0x08009ae6   0x00000002   PAD
    0x08009ae8   0x08009ae8   0x00000050   Data   RO          251    .constdata          inv_mpu.o
    0x08009b38   0x08009b38   0x00000bf6   Data   RO          282    .constdata          inv_mpu_dmp_motion_driver.o
    0x0800a72e   0x0800a72e   0x00000028   Data   RO          545    .constdata          c_w.l(_printf_hex_int.o)
    0x0800a756   0x0800a756   0x00000011   Data   RO          580    .constdata          c_w.l(__printf_flags_ss_wp.o)
    0x0800a767   0x0800a767   0x00000001   PAD
    0x0800a768   0x0800a768   0x00000050   Data   RO          656    .constdata          m_ws.l(asin.o)
    0x0800a7b8   0x0800a7b8   0x00000088   Data   RO          674    .constdata          m_ws.l(pow.o)
    0x0800a840   0x0800a840   0x00000098   Data   RO          715    .constdata          m_ws.l(atan.o)
    0x0800a8d8   0x0800a8d8   0x00000008   Data   RO          741    .constdata          m_ws.l(qnan.o)
    0x0800a8e0   0x0800a8e0   0x0000004d   Data   RO          252    .conststring        inv_mpu.o
    0x0800a92d   0x0800a92d   0x00000003   PAD
    0x0800a930   0x0800a930   0x00000028   Data   RO          483    .conststring        usmart.o
    0x0800a958   0x0800a958   0x000000cb   Data   RO          498    .conststring        usmart_config.o
    0x0800aa23   0x0800aa23   0x00000001   PAD
    0x0800aa24   0x0800aa24   0x00000020   Data   RO          935    Region$$Table       anon$$obj.o


    Execution Region RW_IRAM1 (Exec base: 0x20000000, Load base: 0x0800aa44, Size: 0x00000958, Max: 0x00005000, ABSOLUTE, COMPRESSED[0x00000088])

    Exec Addr    Load Addr    Size         Type   Attr      Idx    E Section Name        Object

    0x20000000   COMPRESSED   0x00000014   Data   RW          193    .data               system_stm32f10x.o
    0x20000014   COMPRESSED   0x00000035   Data   RW          253    .data               inv_mpu.o
    0x20000049   COMPRESSED   0x00000007   PAD
    0x20000050   COMPRESSED   0x00000010   Data   RW          327    .data               kalmanfilter.o
    0x20000060   COMPRESSED   0x00000004   Data   RW          338    .data               delay.o
    0x20000064   COMPRESSED   0x00000007   Data   RW          370    .data               usart.o
    0x2000006b   COMPRESSED   0x00000014   Data   RW          445    .data               stm32f10x_rcc.o
    0x2000007f   COMPRESSED   0x00000001   PAD
    0x20000080   COMPRESSED   0x0000001c   Data   RW          484    .data               usmart.o
    0x2000009c   COMPRESSED   0x0000012c   Data   RW          499    .data               usmart_config.o
    0x200001c8        -       0x00000010   Zero   RW          281    .bss                inv_mpu_dmp_motion_driver.o
    0x200001d8        -       0x00000054   Zero   RW          306    .bss                bmp180.o
    0x2000022c        -       0x000000c8   Zero   RW          369    .bss                usart.o
    0x200002f4        -       0x00000060   Zero   RW          789    .bss                c_w.l(libspace.o)
    0x20000354   COMPRESSED   0x00000004   PAD
    0x20000358        -       0x00000200   Zero   RW          402    HEAP                startup_stm32f10x_md.o
    0x20000558        -       0x00000400   Zero   RW          401    STACK               startup_stm32f10x_md.o


==============================================================================

Image component sizes


      Code (inc. data)   RO Data    RW Data    ZI Data      Debug   Object Name

       944         44          0          0         84       2862   bmp180.o
       212         18          0          4          0        971   delay.o
      8844        196        157         53          0      23901   inv_mpu.o
      3440        126       3062          0         16      15331   inv_mpu_dmp_motion_driver.o
       184         14          0         16          0        811   kalmanfilter.o
       672         20          0          0          0     254205   main.o
       220         22          0          0          0       1729   misc.o
       940         28          0          0          0       4383   mpu6050.o
       588         14          0          0          0       2030   mpuiic.o
        64         26        236          0       1536        768   startup_stm32f10x_md.o
       860         38          0          0          0       5661   stm32f10x_gpio.o
        26          0          0          0          0       1146   stm32f10x_it.o
       932         36          0         20          0       8804   stm32f10x_rcc.o
      3610         88          0          0          0      22768   stm32f10x_tim.o
      1032         22          0          0          0       8388   stm32f10x_usart.o
         0          0          0          0          0         32   sys.o
       480         38          0         20          0       1635   system_stm32f10x.o
       332         20          0          7        200       3086   usart.o
      3128       1288         40         28          0       4266   usmart.o
         0          0        203        300          0       1468   usmart_config.o
      1320         12          0          0          0       5157   usmart_str.o

    ----------------------------------------------------------------------
     27832       2050       3734        456       1836     369402   Object Totals
         0          0         32          0          0          0   (incl. Generated)
         4          0          4          8          0          0   (incl. Padding)

    ----------------------------------------------------------------------

      Code (inc. data)   RO Data    RW Data    ZI Data      Debug   Library Member Name

        90          0          0          0          0          0   __dczerorl2.o
         8          0          0          0          0         68   __main.o
       392          4         17          0          0         92   __printf_flags_ss_wp.o
        14          0          0          0          0         68   __printf_wp.o
         0          0          0          0          0          0   __rtentry.o
        12          0          0          0          0          0   __rtentry2.o
         6          0          0          0          0          0   __rtentry4.o
        52          8          0          0          0          0   __scatter.o
        28          0          0          0          0          0   __scatter_zi.o
         6          0          0          0          0          0   _printf_c.o
        44          0          0          0          0        108   _printf_char.o
        48          6          0          0          0         96   _printf_char_common.o
        36          4          0          0          0         80   _printf_char_file.o
         6          0          0          0          0          0   _printf_d.o
       120         16          0          0          0         92   _printf_dec.o
        88          4         40          0          0         88   _printf_hex_int.o
       178          0          0          0          0         88   _printf_intcommon.o
        78          0          0          0          0        108   _printf_pad.o
         0          0          0          0          0          0   _printf_percent.o
         4          0          0          0          0          0   _printf_percent_end.o
         6          0          0          0          0          0   _printf_s.o
        82          0          0          0          0         80   _printf_str.o
         6          0          0          0          0          0   _printf_u.o
         6          0          0          0          0          0   _printf_x.o
        22          0          0          0          0        100   _rserrno.o
        16          0          0          0          0         68   aeabi_memset.o
        18          0          0          0          0         80   exit.o
         8          0          0          0          0         68   ferror.o
         6          0          0          0          0        152   heapauxi.o
         2          0          0          0          0          0   libinit.o
         2          0          0          0          0          0   libinit2.o
         2          0          0          0          0          0   libshutdown.o
         2          0          0          0          0          0   libshutdown2.o
         8          4          0          0         96         68   libspace.o
        72          0          0          0          0         76   llsdiv.o
       238          0          0          0          0        100   lludivv7m.o
        88          0          0          0          0         76   memcmp.o
        24          4          0          0          0         84   noretval__2printf.o
         8          4          0          0          0         68   rt_errno_addr_intlibspace.o
        68          0          0          0          0         68   rt_memclr.o
        78          0          0          0          0         80   rt_memclr_w.o
         2          0          0          0          0          0   rtexit.o
        10          0          0          0          0          0   rtexit2.o
        74          0          0          0          0         80   sys_stackheap_outer.o
         2          0          0          0          0         68   use_no_semi.o
         2          0          0          0          0         68   use_no_semi_2.o
        98          4          0          0          0         92   d2f.o
       826         16          0          0          0        348   daddsub_clz.o
        16          4          0          0          0         68   dcheck1.o
        24          0          0          0          0         68   dcmpi.o
       688        140          0          0          0        208   ddiv.o
        94          4          0          0          0         92   dfix.o
        46          0          0          0          0         68   dflt_clz.o
       120          4          0          0          0         92   dleqf.o
       340         12          0          0          0        104   dmul.o
       156          4          0          0          0         92   dnaninf.o
        12          0          0          0          0         68   dretinf.o
       108          0          0          0          0         80   drleqf.o
       460         56          0          0          0        120   dsqrt_noumaal.o
        86          4          0          0          0         84   f2d.o
       430          8          0          0          0        168   faddsub_clz.o
        24          0          0          0          0         68   fcmpi.o
       388         76          0          0          0         96   fdiv.o
       104          4          0          0          0         84   feqf.o
        54          4          0          0          0         84   ffix.o
        62          4          0          0          0         84   ffixu.o
        86          0          0          0          0        136   fflt_clz.o
       104          4          0          0          0         84   fleqf.o
       258          4          0          0          0         84   fmul.o
       140          4          0          0          0         84   fnaninf.o
        10          0          0          0          0         68   fretinf.o
        98          0          0          0          0         68   frleqf.o
       100          0          0          0          0         68   retnan.o
        92          0          0          0          0         68   scalbn.o
        48          0          0          0          0         68   trapv.o
         0          0          0          0          0          0   usenofp.o
       624         52         80          0          0        168   asin.o
       544         70        152          0          0        124   atan.o
       384         38          0          0          0        144   atan2.o
        68         10          0          0          0        408   dunder.o
        40          0          0          0          0         68   fpclassify.o
       170          0          0          0          0         96   poly.o
      2520        190        136          0          0        324   pow.o
         0          0          8          0          0          0   qnan.o
        76          0          0          0          0         84   sqrt.o

    ----------------------------------------------------------------------
     11588        770        434          0        100       6584   Library Totals
        28          0          1          0          4          0   (incl. Padding)

    ----------------------------------------------------------------------

      Code (inc. data)   RO Data    RW Data    ZI Data      Debug   Library Name

      2062         54         57          0         96       2272   c_w.l
      5072        356          0          0          0       2896   fz_ws.l
      4426        360        376          0          0       1416   m_ws.l

    ----------------------------------------------------------------------
     11588        770        434          0        100       6584   Library Totals

    ----------------------------------------------------------------------

==============================================================================


      Code (inc. data)   RO Data    RW Data    ZI Data      Debug   

     39420       2820       4168        456       1936     370782   Grand Totals
     39420       2820       4168        136       1936     370782   ELF Image Totals (compressed)
     39420       2820       4168        136          0          0   ROM Totals

==============================================================================

    Total RO  Size (Code + RO Data)                43588 (  42.57kB)
    Total RW  Size (RW Data + ZI Data)              2392 (   2.34kB)
    Total ROM Size (Code + RO Data + RW Data)      43724 (  42.70kB)

==============================================================================

